Archive member included to satisfy reference by file (symbol)

D:/Profiles/njp2424/Desktop/SwitchGraphics/GamepadButtons/SwitchCompiler/libnx/lib\libnx.a(applet.o)
                              main.o (appletMainLoop)
D:/Profiles/njp2424/Desktop/SwitchGraphics/GamepadButtons/SwitchCompiler/libnx/lib\libnx.a(hid.o)
                              main.o (hidKeysHeld)
D:/Profiles/njp2424/Desktop/SwitchGraphics/GamepadButtons/SwitchCompiler/libnx/lib\libnx.a(apm.o)
                              D:/Profiles/njp2424/Desktop/SwitchGraphics/GamepadButtons/SwitchCompiler/libnx/lib\libnx.a(applet.o) (apmExit)
D:/Profiles/njp2424/Desktop/SwitchGraphics/GamepadButtons/SwitchCompiler/libnx/lib\libnx.a(fatal.o)
                              D:/Profiles/njp2424/Desktop/SwitchGraphics/GamepadButtons/SwitchCompiler/libnx/lib\libnx.a(applet.o) (fatalSimple)
D:/Profiles/njp2424/Desktop/SwitchGraphics/GamepadButtons/SwitchCompiler/libnx/lib\libnx.a(sm.o)
                              D:/Profiles/njp2424/Desktop/SwitchGraphics/GamepadButtons/SwitchCompiler/libnx/lib\libnx.a(fatal.o) (smHasInitialized)
D:/Profiles/njp2424/Desktop/SwitchGraphics/GamepadButtons/SwitchCompiler/libnx/lib\libnx.a(hosversion.o)
                              D:/Profiles/njp2424/Desktop/SwitchGraphics/GamepadButtons/SwitchCompiler/libnx/lib\libnx.a(applet.o) (hosversionGet)
D:/Profiles/njp2424/Desktop/SwitchGraphics/GamepadButtons/SwitchCompiler/libnx/lib\libnx.a(env.o)
                              D:/Profiles/njp2424/Desktop/SwitchGraphics/GamepadButtons/SwitchCompiler/libnx/lib\libnx.a(applet.o) (envIsNso)
D:/Profiles/njp2424/Desktop/SwitchGraphics/GamepadButtons/SwitchCompiler/libnx/lib\libnx.a(console.o)
                              main.o (consoleInit)
D:/Profiles/njp2424/Desktop/SwitchGraphics/GamepadButtons/SwitchCompiler/libnx/lib\libnx.a(console_sw.o)
                              D:/Profiles/njp2424/Desktop/SwitchGraphics/GamepadButtons/SwitchCompiler/libnx/lib\libnx.a(console.o) (getDefaultConsoleRenderer)
D:/Profiles/njp2424/Desktop/SwitchGraphics/GamepadButtons/SwitchCompiler/libnx/lib\libnx.a(svc.o)
                              D:/Profiles/njp2424/Desktop/SwitchGraphics/GamepadButtons/SwitchCompiler/libnx/lib\libnx.a(applet.o) (svcExitProcess)
D:/Profiles/njp2424/Desktop/SwitchGraphics/GamepadButtons/SwitchCompiler/libnx/lib\libnx.a(switch_crt0.o)
                              (_start)
D:/Profiles/njp2424/Desktop/SwitchGraphics/GamepadButtons/SwitchCompiler/libnx/lib\libnx.a(default_font.bin.o)
                              D:/Profiles/njp2424/Desktop/SwitchGraphics/GamepadButtons/SwitchCompiler/libnx/lib\libnx.a(console.o) (default_font_bin)
D:/Profiles/njp2424/Desktop/SwitchGraphics/GamepadButtons/SwitchCompiler/libnx/lib\libnx.a(detect.o)
                              D:/Profiles/njp2424/Desktop/SwitchGraphics/GamepadButtons/SwitchCompiler/libnx/lib\libnx.a(fatal.o) (detectKernelVersion)
D:/Profiles/njp2424/Desktop/SwitchGraphics/GamepadButtons/SwitchCompiler/libnx/lib\libnx.a(shmem.o)
                              D:/Profiles/njp2424/Desktop/SwitchGraphics/GamepadButtons/SwitchCompiler/libnx/lib\libnx.a(hid.o) (shmemLoadRemote)
D:/Profiles/njp2424/Desktop/SwitchGraphics/GamepadButtons/SwitchCompiler/libnx/lib\libnx.a(wait.o)
                              D:/Profiles/njp2424/Desktop/SwitchGraphics/GamepadButtons/SwitchCompiler/libnx/lib\libnx.a(applet.o) (waitObjects)
D:/Profiles/njp2424/Desktop/SwitchGraphics/GamepadButtons/SwitchCompiler/libnx/lib\libnx.a(rwlock.o)
                              D:/Profiles/njp2424/Desktop/SwitchGraphics/GamepadButtons/SwitchCompiler/libnx/lib\libnx.a(hid.o) (rwlockReadLock)
D:/Profiles/njp2424/Desktop/SwitchGraphics/GamepadButtons/SwitchCompiler/libnx/lib\libnx.a(tmem.o)
                              D:/Profiles/njp2424/Desktop/SwitchGraphics/GamepadButtons/SwitchCompiler/libnx/lib\libnx.a(applet.o) (tmemCreate)
D:/Profiles/njp2424/Desktop/SwitchGraphics/GamepadButtons/SwitchCompiler/libnx/lib\libnx.a(mutex.o)
                              D:/Profiles/njp2424/Desktop/SwitchGraphics/GamepadButtons/SwitchCompiler/libnx/lib\libnx.a(detect.o) (mutexLock)
D:/Profiles/njp2424/Desktop/SwitchGraphics/GamepadButtons/SwitchCompiler/libnx/lib\libnx.a(virtmem.o)
                              D:/Profiles/njp2424/Desktop/SwitchGraphics/GamepadButtons/SwitchCompiler/libnx/lib\libnx.a(shmem.o) (virtmemReserve)
D:/Profiles/njp2424/Desktop/SwitchGraphics/GamepadButtons/SwitchCompiler/libnx/lib\libnx.a(event.o)
                              D:/Profiles/njp2424/Desktop/SwitchGraphics/GamepadButtons/SwitchCompiler/libnx/lib\libnx.a(applet.o) (eventLoadRemote)
D:/Profiles/njp2424/Desktop/SwitchGraphics/GamepadButtons/SwitchCompiler/libnx/lib\libnx.a(condvar.o)
                              D:/Profiles/njp2424/Desktop/SwitchGraphics/GamepadButtons/SwitchCompiler/libnx/lib\libnx.a(rwlock.o) (condvarWaitTimeout)
D:/Profiles/njp2424/Desktop/SwitchGraphics/GamepadButtons/SwitchCompiler/libnx/lib\libnx.a(framebuffer.o)
[...]
Memory Configuration

Name             Origin             Length             Attributes
*default*        0x0000000000000000 0xffffffffffffffff

Linker script and memory map

                0x0000000000000000                PROVIDE (__start__ = 0x0)
                0x0000000000000000                . = __start__
                0x0000000000000000                __code_start = .

.crt0           0x0000000000000000      0x158
 *(.crt0)
 .crt0          0x0000000000000000      0x158 D:/Profiles/njp2424/Desktop/SwitchGraphics/GamepadButtons/SwitchCompiler/libnx/lib\libnx.a(switch_crt0.o)
                0x0000000000000000                _start
                0x0000000000000120                __nx_exit
                0x0000000000000130                __nx_mod0
                0x0000000000000158                . = ALIGN (0x8)

.init           0x0000000000000158       0x38
 *(.init)
 .init          0x0000000000000158       0x18 d:/profiles/njp2424/desktop/switchgraphics/gamepadbuttons/switchcompiler/devkita64/bin/../lib/gcc/aarch64-none-elf/8.3.0/pic/crti.o
                0x0000000000000158                _init
 .init          0x0000000000000170       0x1c d:/profiles/njp2424/desktop/switchgraphics/gamepadbuttons/switchcompiler/devkita64/bin/../lib/gcc/aarch64-none-elf/8.3.0/pic/crtn.o
                0x0000000000000190                . = ALIGN (0x8)
 *fill*         0x000000000000018c        0x4 

.plt            0x0000000000000190        0x0
 *(.plt)
 .plt           0x0000000000000190        0x0 d:/profiles/njp2424/desktop/switchgraphics/gamepadbuttons/switchcompiler/devkita64/bin/../lib/gcc/aarch64-none-elf/8.3.0/pic/crti.o
 *(.iplt)
                0x0000000000000190                . = ALIGN (0x8)

.text           0x00000000000001c0    0x27378
 *(.text.unlikely .text.*_unlikely .text.unlikely.*)
 *(.text.exit .text.exit.*)
 .text.exit     0x00000000000001c0       0x38 d:/profiles/njp2424/desktop/switchgraphics/gamepadbuttons/switchcompiler/devkita64/bin/../lib/gcc/aarch64-none-elf/8.3.0/../../../../aarch64-none-elf/lib/pic\libg.a(lib_a-exit.o)
                0x00000000000001c0                exit
 *(.text.startup .text.startup.*)
 *fill*         0x00000000000001f8        0x8 
 .text.startup.main
                0x0000000000000200      0x208 main.o
                0x0000000000000200                main
 *(.text.hot .text.hot.*)
 *(.text .stub .text.* .gnu.linkonce.t.*)
 .text.deregister_tm_clones
                0x0000000000000408       0x2c d:/profiles/njp2424/desktop/switchgraphics/gamepadbuttons/switchcompiler/devkita64/bin/../lib/gcc/aarch64-none-elf/8.3.0/pic/crtbegin.o
 *fill*         0x0000000000000434        0x4 
 .text.register_tm_clones
                0x0000000000000438       0x38 d:/profiles/njp2424/desktop/switchgraphics/gamepadbuttons/switchcompiler/devkita64/bin/../lib/gcc/aarch64-none-elf/8.3.0/pic/crtbegin.o
 .text.__do_global_dtors_aux
                0x0000000000000470       0x48 d:/profiles/njp2424/desktop/switchgraphics/gamepadbuttons/switchcompiler/devkita64/bin/../lib/gcc/aarch64-none-elf/8.3.0/pic/crtbegin.o
 .text.frame_dummy
                0x00000000000004b8       0x34 d:/profiles/njp2424/desktop/switchgraphics/gamepadbuttons/switchcompiler/devkita64/bin/../lib/gcc/aarch64-none-elf/8.3.0/pic/crtbegin.o
 *fill*         0x00000000000004ec        0x4 
 .text.ipcPrepareHeader
                0x00000000000004f0      0x220 D:/Profiles/njp2424/Desktop/SwitchGraphics/GamepadButtons/SwitchCompiler/libnx/lib\libnx.a(applet.o)
 .text.ipcParse
                0x0000000000000710      0x22c D:/Profiles/njp2424/Desktop/SwitchGraphics/GamepadButtons/SwitchCompiler/libnx/lib\libnx.a(applet.o)
 *fill*         0x000000000000093c        0x4 
 .text.serviceIpcParse
                0x0000000000000940       0xb0 D:/Profiles/njp2424/Desktop/SwitchGraphics/GamepadButtons/SwitchCompiler/libnx/lib\libnx.a(applet.o)
 .text.ipcConvertSessionToDomain
                0x00000000000009f0       0x78 D:/Profiles/njp2424/Desktop/SwitchGraphics/GamepadButtons/SwitchCompiler/libnx/lib\libnx.a(applet.o)
 *fill*         0x0000000000000a68        0x8 
 .text.ipcCloneSession.constprop.52
                0x0000000000000a70       0x84 D:/Profiles/njp2424/Desktop/SwitchGraphics/GamepadButtons/SwitchCompiler/libnx/lib\libnx.a(applet.o)
 *fill*         0x0000000000000af4        0xc 
 .text.ipcCloseObjectById
                0x0000000000000b00       0x34 D:/Profiles/njp2424/Desktop/SwitchGraphics/GamepadButtons/SwitchCompiler/libnx/lib\libnx.a(applet.o)
 *fill*         0x0000000000000b34        0xc 
 .text.serviceClose
                0x0000000000000b40       0x6c D:/Profiles/njp2424/Desktop/SwitchGraphics/GamepadButtons/SwitchCompiler/libnx/lib\libnx.a(applet.o)
 *fill*         0x0000000000000bac        0x4 
 .text._appletReceiveMessage
                0x0000000000000bb0      0x19c D:/Profiles/njp2424/Desktop/SwitchGraphics/GamepadButtons/SwitchCompiler/libnx/lib\libnx.a(applet.o)
 *fill*         0x0000000000000d4c        0x4 
 .text._appletCmdNoIO
                0x0000000000000d50      0x164 D:/Profiles/njp2424/Desktop/SwitchGraphics/GamepadButtons/SwitchCompiler/libnx/lib\libnx.a(applet.o)
 *fill*         0x0000000000000eb4        0xc 
 .text._appletGetOperationMode.constprop.43
                0x0000000000000ec0      0x18c D:/Profiles/njp2424/Desktop/SwitchGraphics/GamepadButtons/SwitchCompiler/libnx/lib\libnx.a(applet.o)
 *fill*         0x000000000000104c        0x4 
 .text._appletGetCurrentFocusState.constprop.45
                0x0000000000001050      0x18c D:/Profiles/njp2424/Desktop/SwitchGraphics/GamepadButtons/SwitchCompiler/libnx/lib\libnx.a(applet.o)
 *fill*         0x00000000000011dc        0x4 
 .text._appletGetPerformanceMode.constprop.44
                0x00000000000011e0      0x18c D:/Profiles/njp2424/Desktop/SwitchGraphics/GamepadButtons/SwitchCompiler/libnx/lib\libnx.a(applet.o)
 *fill*         0x000000000000136c        0x4 
 .text._appletGetSession
                0x0000000000001370      0x1d8 D:/Profiles/njp2424/Desktop/SwitchGraphics/GamepadButtons/SwitchCompiler/libnx/lib\libnx.a(applet.o)
 *fill*         0x0000000000001548        0x8 
 .text._appletCmdNoInOut64
                0x0000000000001550      0x17c D:/Profiles/njp2424/Desktop/SwitchGraphics/GamepadButtons/SwitchCompiler/libnx/lib\libnx.a(applet.o)
 *fill*         0x00000000000016cc        0x4 
 .text._appletSetOperationModeChangedNotification.constprop.46
                0x00000000000016d0      0x164 D:/Profiles/njp2424/Desktop/SwitchGraphics/GamepadButtons/SwitchCompiler/libnx/lib\libnx.a(applet.o)
 *fill*         0x0000000000001834        0xc 
 .text._appletSetOutOfFocusSuspendingEnabled
                0x0000000000001840      0x16c D:/Profiles/njp2424/Desktop/SwitchGraphics/GamepadButtons/SwitchCompiler/libnx/lib\libnx.a(applet.o)
 *fill*         0x00000000000019ac        0x4 
 .text._appletSetPerformanceModeChangedNotification.constprop.47
                0x00000000000019b0      0x164 D:/Profiles/njp2424/Desktop/SwitchGraphics/GamepadButtons/SwitchCompiler/libnx/lib\libnx.a(applet.o)
 *fill*         0x0000000000001b14        0xc 
 .text._appletCmdInU32.constprop.48
                0x0000000000001b20      0x16c D:/Profiles/njp2424/Desktop/SwitchGraphics/GamepadButtons/SwitchCompiler/libnx/lib\libnx.a(applet.o)
 *fill*         0x0000000000001c8c        0x4 
 .text._appletSetFocusHandlingMode
                0x0000000000001c90      0x17c D:/Profiles/njp2424/Desktop/SwitchGraphics/GamepadButtons/SwitchCompiler/libnx/lib\libnx.a(applet.o)
 *fill*         0x0000000000001e0c        0x4 
 .text._appletGetHandle.constprop.42
                0x0000000000001e10      0x178 D:/Profiles/njp2424/Desktop/SwitchGraphics/GamepadButtons/SwitchCompiler/libnx/lib\libnx.a(applet.o)
 *fill*         0x0000000000001f88        0x8 
 .text._appletGetEvent.constprop.41
                0x0000000000001f90       0x54 D:/Profiles/njp2424/Desktop/SwitchGraphics/GamepadButtons/SwitchCompiler/libnx/lib\libnx.a(applet.o)
 *fill*         0x0000000000001fe4        0xc 
 .text._appletGetSessionProxy.constprop.40
                0x0000000000001ff0      0x1f0 D:/Profiles/njp2424/Desktop/SwitchGraphics/GamepadButtons/SwitchCompiler/libnx/lib\libnx.a(applet.o)
 .text.appletGetAppletType
                0x00000000000021e0       0x10 D:/Profiles/njp2424/Desktop/SwitchGraphics/GamepadButtons/SwitchCompiler/libnx/lib\libnx.a(applet.o)
                0x00000000000021e0                appletGetAppletType
 .text.appletSetFocusHandlingMode
                0x00000000000021f0       0xf0 D:/Profiles/njp2424/Desktop/SwitchGraphics/GamepadButtons/SwitchCompiler/libnx/lib\libnx.a(applet.o)
                0x00000000000021f0                appletSetFocusHandlingMode
 .text.appletGetAppletResourceUserId
                0x00000000000022e0       0x28 D:/Profiles/njp2424/Desktop/SwitchGraphics/GamepadButtons/SwitchCompiler/libnx/lib\libnx.a(applet.o)
                0x00000000000022e0                appletGetAppletResourceUserId
 *fill*         0x0000000000002308        0x8 
 .text.appletNotifyRunning
                0x0000000000002310      0x174 D:/Profiles/njp2424/Desktop/SwitchGraphics/GamepadButtons/SwitchCompiler/libnx/lib\libnx.a(applet.o)
                0x0000000000002310                appletNotifyRunning
 *fill*         0x0000000000002484        0xc 
 .text.appletSetGamePlayRecordingState
                0x0000000000002490      0x158 D:/Profiles/njp2424/Desktop/SwitchGraphics/GamepadButtons/SwitchCompiler/libnx/lib\libnx.a(applet.o)
                0x0000000000002490                appletSetGamePlayRecordingState
 *fill*         0x00000000000025e8        0x8 
 .text.appletSetCpuBoostMode
                0x00000000000025f0       0x50 D:/Profiles/njp2424/Desktop/SwitchGraphics/GamepadButtons/SwitchCompiler/libnx/lib\libnx.a(applet.o)
                0x00000000000025f0                appletSetCpuBoostMode
 .text.appletExit
                0x0000000000002640      0x5dc D:/Profiles/njp2424/Desktop/SwitchGraphics/GamepadButtons/SwitchCompiler/libnx/lib\libnx.a(applet.o)
                0x0000000000002640                appletExit
 *fill*         0x0000000000002c1c        0x4 
 .text.appletInitialize
                0x0000000000002c20      0x4f0 D:/Profiles/njp2424/Desktop/SwitchGraphics/GamepadButtons/SwitchCompiler/libnx/lib\libnx.a(applet.o)
                0x0000000000002c20                appletInitialize
 .text._appletExitProcess
                0x0000000000003110       0x10 D:/Profiles/njp2424/Desktop/SwitchGraphics/GamepadButtons/SwitchCompiler/libnx/lib\libnx.a(applet.o)
 .text.appletCreateManagedDisplayLayer
                0x0000000000003120       0x14 D:/Profiles/njp2424/Desktop/SwitchGraphics/GamepadButtons/SwitchCompiler/libnx/lib\libnx.a(applet.o)
                0x0000000000003120                appletCreateManagedDisplayLayer
 *fill*         0x0000000000003134        0xc 
 .text.appletGetMessage
                0x0000000000003140       0x5c D:/Profiles/njp2424/Desktop/SwitchGraphics/GamepadButtons/SwitchCompiler/libnx/lib\libnx.a(applet.o)
                0x0000000000003140                appletGetMessage
 *fill*         0x000000000000319c        0x4 
 .text.appletProcessMessage
                0x00000000000031a0      0x118 D:/Profiles/njp2424/Desktop/SwitchGraphics/GamepadButtons/SwitchCompiler/libnx/lib\libnx.a(applet.o)
                0x00000000000031a0                appletProcessMessage
 *fill*         0x00000000000032b8        0x8 
 .text.appletMainLoop
                0x00000000000032c0       0x34 D:/Profiles/njp2424/Desktop/SwitchGraphics/GamepadButtons/SwitchCompiler/libnx/lib\libnx.a(applet.o)
                0x00000000000032c0                appletMainLoop
 *fill*         0x00000000000032f4        0xc 
 .text.ipcCloseObjectById
                0x0000000000003300       0x34 D:/Profiles/njp2424/Desktop/SwitchGraphics/GamepadButtons/SwitchCompiler/libnx/lib\libnx.a(hid.o)
 *fill*         0x0000000000003334        0xc 
 .text._hidGetSharedMemoryHandle.constprop.10
                0x0000000000003340      0x124 D:/Profiles/njp2424/Desktop/SwitchGraphics/GamepadButtons/SwitchCompiler/libnx/lib\libnx.a(hid.o)
 *fill*         0x0000000000003464        0xc 
 .text._hidCmdWithNoInput
                0x0000000000003470      0x100 D:/Profiles/njp2424/Desktop/SwitchGraphics/GamepadButtons/SwitchCompiler/libnx/lib\libnx.a(hid.o)
 .text._hidCreateAppletResource.constprop.9
                0x0000000000003570      0x134 D:/Profiles/njp2424/Desktop/SwitchGraphics/GamepadButtons/SwitchCompiler/libnx/lib\libnx.a(hid.o)
 *fill*         0x00000000000036a4        0xc 
 .text._hidCmdWithInputU32
                0x00000000000036b0      0x10c D:/Profiles/njp2424/Desktop/SwitchGraphics/GamepadButtons/SwitchCompiler/libnx/lib\libnx.a(hid.o)
 *fill*         0x00000000000037bc        0x4 
 .text._hidCmdWithInputU64.constprop.11
                0x00000000000037c0      0x108 D:/Profiles/njp2424/Desktop/SwitchGraphics/GamepadButtons/SwitchCompiler/libnx/lib\libnx.a(hid.o)
 *fill*         0x00000000000038c8        0x8 
 .text.hidReset
                0x00000000000038d0      0x1e0 D:/Profiles/njp2424/Desktop/SwitchGraphics/GamepadButtons/SwitchCompiler/libnx/lib\libnx.a(hid.o)
                0x00000000000038d0                hidReset
 .text.hidGetSharedmemAddr
                0x0000000000003ab0        0xc D:/Profiles/njp2424/Desktop/SwitchGraphics/GamepadButtons/SwitchCompiler/libnx/lib\libnx.a(hid.o)
                0x0000000000003ab0                hidGetSharedmemAddr
 *fill*         0x0000000000003abc        0x4 
 .text.hidKeysHeld
                0x0000000000003ac0       0x6c D:/Profiles/njp2424/Desktop/SwitchGraphics/GamepadButtons/SwitchCompiler/libnx/lib\libnx.a(hid.o)
                0x0000000000003ac0                hidKeysHeld
 *fill*         0x0000000000003b2c        0x4 
 .text.hidKeysDown
                0x0000000000003b30       0x6c D:/Profiles/njp2424/Desktop/SwitchGraphics/GamepadButtons/SwitchCompiler/libnx/lib\libnx.a(hid.o)
                0x0000000000003b30                hidKeysDown
 *fill*         0x0000000000003b9c        0x4 
 .text.hidKeysUp
                0x0000000000003ba0       0x6c D:/Profiles/njp2424/Desktop/SwitchGraphics/GamepadButtons/SwitchCompiler/libnx/lib\libnx.a(hid.o)
                0x0000000000003ba0                hidKeysUp
 *fill*         0x0000000000003c0c        0x4 
 .text.hidTouchCount
                0x0000000000003c10        0xc D:/Profiles/njp2424/Desktop/SwitchGraphics/GamepadButtons/SwitchCompiler/libnx/lib\libnx.a(hid.o)
                0x0000000000003c10                hidTouchCount
 *fill*         0x0000000000003c1c        0x4 
 .text.hidScanInput
                0x0000000000003c20      0x578 D:/Profiles/njp2424/Desktop/SwitchGraphics/GamepadButtons/SwitchCompiler/libnx/lib\libnx.a(hid.o)
                0x0000000000003c20                hidScanInput
 *fill*         0x0000000000004198        0x8 
 .text.hidJoystickRead
                0x00000000000041a0       0xac D:/Profiles/njp2424/Desktop/SwitchGraphics/GamepadButtons/SwitchCompiler/libnx/lib\libnx.a(hid.o)
                0x00000000000041a0                hidJoystickRead
 *fill*         0x000000000000424c        0x4 
 .text.hidSetSupportedNpadIdType
                0x0000000000004250      0x198 D:/Profiles/njp2424/Desktop/SwitchGraphics/GamepadButtons/SwitchCompiler/libnx/lib\libnx.a(hid.o)
                0x0000000000004250                hidSetSupportedNpadIdType
 *fill*         0x00000000000043e8        0x8 
 .text.hidSetSupportedNpadStyleSet
                0x00000000000043f0        0xc D:/Profiles/njp2424/Desktop/SwitchGraphics/GamepadButtons/SwitchCompiler/libnx/lib\libnx.a(hid.o)
                0x00000000000043f0                hidSetSupportedNpadStyleSet
 *fill*         0x00000000000043fc        0x4 
 .text.hidSetNpadJoyHoldType
                0x0000000000004400        0x8 D:/Profiles/njp2424/Desktop/SwitchGraphics/GamepadButtons/SwitchCompiler/libnx/lib\libnx.a(hid.o)
                0x0000000000004400                hidSetNpadJoyHoldType
 *fill*         0x0000000000004408        0x8 
 .text.hidSetNpadJoyAssignmentModeDual
                0x0000000000004410        0xc D:/Profiles/njp2424/Desktop/SwitchGraphics/GamepadButtons/SwitchCompiler/libnx/lib\libnx.a(hid.o)
                0x0000000000004410                hidSetNpadJoyAssignmentModeDual
 *fill*         0x000000000000441c        0x4 
 .text.hidExit  0x0000000000004420      0x12c D:/Profiles/njp2424/Desktop/SwitchGraphics/GamepadButtons/SwitchCompiler/libnx/lib\libnx.a(hid.o)
                0x0000000000004420                hidExit
 *fill*         0x000000000000454c        0x4 
 .text.hidInitialize
                0x0000000000004550      0x168 D:/Profiles/njp2424/Desktop/SwitchGraphics/GamepadButtons/SwitchCompiler/libnx/lib\libnx.a(hid.o)
                0x0000000000004550                hidInitialize
 *fill*         0x00000000000046b8        0x8 
 .text.ipcCloseObjectById
                0x00000000000046c0       0x34 D:/Profiles/njp2424/Desktop/SwitchGraphics/GamepadButtons/SwitchCompiler/libnx/lib\libnx.a(apm.o)
 *fill*         0x00000000000046f4        0xc 
 .text._apmGetSession.constprop.4
                0x0000000000004700      0x124 D:/Profiles/njp2424/Desktop/SwitchGraphics/GamepadButtons/SwitchCompiler/libnx/lib\libnx.a(apm.o)
 *fill*         0x0000000000004824        0xc 
 .text.apmExit  0x0000000000004830       0xf0 D:/Profiles/njp2424/Desktop/SwitchGraphics/GamepadButtons/SwitchCompiler/libnx/lib\libnx.a(apm.o)
                0x0000000000004830                apmExit
 .text.apmInitialize
                0x0000000000004920       0x70 D:/Profiles/njp2424/Desktop/SwitchGraphics/GamepadButtons/SwitchCompiler/libnx/lib\libnx.a(apm.o)
                0x0000000000004920                apmInitialize
 .text.apmSetPerformanceConfiguration
                0x0000000000004990       0xcc D:/Profiles/njp2424/Desktop/SwitchGraphics/GamepadButtons/SwitchCompiler/libnx/lib\libnx.a(apm.o)
                0x0000000000004990                apmSetPerformanceConfiguration
 *fill*         0x0000000000004a5c        0x4 
 .text._fatalImpl
                0x0000000000004a60      0x140 D:/Profiles/njp2424/Desktop/SwitchGraphics/GamepadButtons/SwitchCompiler/libnx/lib\libnx.a(fatal.o)
 .text.fatalWithType
                0x0000000000004ba0       0x14 D:/Profiles/njp2424/Desktop/SwitchGraphics/GamepadButtons/SwitchCompiler/libnx/lib\libnx.a(fatal.o)
                0x0000000000004ba0                fatalWithType
 *fill*         0x0000000000004bb4        0xc 
 .text.fatalSimple
                0x0000000000004bc0       0x14 D:/Profiles/njp2424/Desktop/SwitchGraphics/GamepadButtons/SwitchCompiler/libnx/lib\libnx.a(fatal.o)
                0x0000000000004bc0                fatalSimple
 *fill*         0x0000000000004bd4        0xc 
 .text.smAddOverrideHandle
                0x0000000000004be0       0x44 D:/Profiles/njp2424/Desktop/SwitchGraphics/GamepadButtons/SwitchCompiler/libnx/lib\libnx.a(sm.o)
                0x0000000000004be0                smAddOverrideHandle
 *fill*         0x0000000000004c24        0xc 
 .text.smGetServiceOverride
                0x0000000000004c30       0x60 D:/Profiles/njp2424/Desktop/SwitchGraphics/GamepadButtons/SwitchCompiler/libnx/lib\libnx.a(sm.o)
                0x0000000000004c30                smGetServiceOverride
 .text.smHasInitialized
                0x0000000000004c90       0x14 D:/Profiles/njp2424/Desktop/SwitchGraphics/GamepadButtons/SwitchCompiler/libnx/lib\libnx.a(sm.o)
                0x0000000000004c90                smHasInitialized
 *fill*         0x0000000000004ca4        0xc 
 .text.smExit   0x0000000000004cb0       0x5c D:/Profiles/njp2424/Desktop/SwitchGraphics/GamepadButtons/SwitchCompiler/libnx/lib\libnx.a(sm.o)
                0x0000000000004cb0                smExit
 *fill*         0x0000000000004d0c        0x4 
 .text.smEncodeName
                0x0000000000004d10       0x38 D:/Profiles/njp2424/Desktop/SwitchGraphics/GamepadButtons/SwitchCompiler/libnx/lib\libnx.a(sm.o)
                0x0000000000004d10                smEncodeName
 *fill*         0x0000000000004d48        0x8 
 .text.smGetServiceOriginal
                0x0000000000004d50      0x12c D:/Profiles/njp2424/Desktop/SwitchGraphics/GamepadButtons/SwitchCompiler/libnx/lib\libnx.a(sm.o)
                0x0000000000004d50                smGetServiceOriginal
 *fill*         0x0000000000004e7c        0x4 
 .text.smInitialize
                0x0000000000004e80      0x1a0 D:/Profiles/njp2424/Desktop/SwitchGraphics/GamepadButtons/SwitchCompiler/libnx/lib\libnx.a(sm.o)
                0x0000000000004e80                smInitialize
 .text.smGetService
                0x0000000000005020       0x74 D:/Profiles/njp2424/Desktop/SwitchGraphics/GamepadButtons/SwitchCompiler/libnx/lib\libnx.a(sm.o)
                0x0000000000005020                smGetService
 *fill*         0x0000000000005094        0xc 
 .text.hosversionGet
                0x00000000000050a0       0x10 D:/Profiles/njp2424/Desktop/SwitchGraphics/GamepadButtons/SwitchCompiler/libnx/lib\libnx.a(hosversion.o)
                0x00000000000050a0                hosversionGet
 .text.hosversionSet
                0x00000000000050b0       0x10 D:/Profiles/njp2424/Desktop/SwitchGraphics/GamepadButtons/SwitchCompiler/libnx/lib\libnx.a(hosversion.o)
                0x00000000000050b0                hosversionSet
 .text.envSetup
                0x00000000000050c0      0x208 D:/Profiles/njp2424/Desktop/SwitchGraphics/GamepadButtons/SwitchCompiler/libnx/lib\libnx.a(env.o)
                0x00000000000050c0                envSetup
 *fill*         0x00000000000052c8        0x8 
 .text.envGetMainThreadHandle
                0x00000000000052d0       0x20 D:/Profiles/njp2424/Desktop/SwitchGraphics/GamepadButtons/SwitchCompiler/libnx/lib\libnx.a(env.o)
                0x00000000000052d0                envGetMainThreadHandle
 .text.envIsNso
                0x00000000000052f0        0xc D:/Profiles/njp2424/Desktop/SwitchGraphics/GamepadButtons/SwitchCompiler/libnx/lib\libnx.a(env.o)
                0x00000000000052f0                envIsNso
 *fill*         0x00000000000052fc        0x4 
 .text.envHasHeapOverride
                0x0000000000005300       0x14 D:/Profiles/njp2424/Desktop/SwitchGraphics/GamepadButtons/SwitchCompiler/libnx/lib\libnx.a(env.o)
                0x0000000000005300                envHasHeapOverride
 *fill*         0x0000000000005314        0xc 
 .text.envGetHeapOverrideAddr
                0x0000000000005320        0xc D:/Profiles/njp2424/Desktop/SwitchGraphics/GamepadButtons/SwitchCompiler/libnx/lib\libnx.a(env.o)
                0x0000000000005320                envGetHeapOverrideAddr
 *fill*         0x000000000000532c        0x4 
 .text.envGetHeapOverrideSize
                0x0000000000005330        0xc D:/Profiles/njp2424/Desktop/SwitchGraphics/GamepadButtons/SwitchCompiler/libnx/lib\libnx.a(env.o)
                0x0000000000005330                envGetHeapOverrideSize
 *fill*         0x000000000000533c        0x4 
 .text.envHasArgv
                0x0000000000005340       0x14 D:/Profiles/njp2424/Desktop/SwitchGraphics/GamepadButtons/SwitchCompiler/libnx/lib\libnx.a(env.o)
                0x0000000000005340                envHasArgv
 *fill*         0x0000000000005354        0xc 
 .text.envGetArgv
                0x0000000000005360        0xc D:/Profiles/njp2424/Desktop/SwitchGraphics/GamepadButtons/SwitchCompiler/libnx/lib\libnx.a(env.o)
                0x0000000000005360                envGetArgv
 *fill*         0x000000000000536c        0x4 
 .text.envGetExitFuncPtr
                0x0000000000005370        0xc D:/Profiles/njp2424/Desktop/SwitchGraphics/GamepadButtons/SwitchCompiler/libnx/lib\libnx.a(env.o)
                0x0000000000005370                envGetExitFuncPtr
 *fill*         0x000000000000537c        0x4 
 .text.envSetExitFuncPtr
                0x0000000000005380        0xc D:/Profiles/njp2424/Desktop/SwitchGraphics/GamepadButtons/SwitchCompiler/libnx/lib\libnx.a(env.o)
                0x0000000000005380                envSetExitFuncPtr
 *fill*         0x000000000000538c        0x4 
 .text.consoleDrawChar
                0x0000000000005390       0x44 D:/Profiles/njp2424/Desktop/SwitchGraphics/GamepadButtons/SwitchCompiler/libnx/lib\libnx.a(console.o)
 *fill*         0x00000000000053d4        0xc 
 .text.consoleClearLine
                0x00000000000053e0      0x140 D:/Profiles/njp2424/Desktop/SwitchGraphics/GamepadButtons/SwitchCompiler/libnx/lib\libnx.a(console.o)
 .text.consoleNewRow
                0x0000000000005520       0x4c D:/Profiles/njp2424/Desktop/SwitchGraphics/GamepadButtons/SwitchCompiler/libnx/lib\libnx.a(console.o)
 *fill*         0x000000000000556c        0x4 
 .text.consolePrintChar
                0x0000000000005570      0x118 D:/Profiles/njp2424/Desktop/SwitchGraphics/GamepadButtons/SwitchCompiler/libnx/lib\libnx.a(console.o)
 *fill*         0x0000000000005688        0x8 
 .text.consoleCls
                0x0000000000005690      0x15c D:/Profiles/njp2424/Desktop/SwitchGraphics/GamepadButtons/SwitchCompiler/libnx/lib\libnx.a(console.o)
 *fill*         0x00000000000057ec        0x4 
 .text.con_write
                0x00000000000057f0      0x7e0 D:/Profiles/njp2424/Desktop/SwitchGraphics/GamepadButtons/SwitchCompiler/libnx/lib\libnx.a(console.o)
 .text.consoleInit
                0x0000000000005fd0      0x11c D:/Profiles/njp2424/Desktop/SwitchGraphics/GamepadButtons/SwitchCompiler/libnx/lib\libnx.a(console.o)
                0x0000000000005fd0                consoleInit
 *fill*         0x00000000000060ec        0x4 
 .text.consoleExit
                0x00000000000060f0       0x48 D:/Profiles/njp2424/Desktop/SwitchGraphics/GamepadButtons/SwitchCompiler/libnx/lib\libnx.a(console.o)
                0x00000000000060f0                consoleExit
 *fill*         0x0000000000006138        0x8 
 .text.consoleUpdate
                0x0000000000006140       0x28 D:/Profiles/njp2424/Desktop/SwitchGraphics/GamepadButtons/SwitchCompiler/libnx/lib\libnx.a(console.o)
                0x0000000000006140                consoleUpdate
 *fill*         0x0000000000006168        0x8 
 .text.consoleClear
                0x0000000000006170        0xc D:/Profiles/njp2424/Desktop/SwitchGraphics/GamepadButtons/SwitchCompiler/libnx/lib\libnx.a(console.o)
                0x0000000000006170                consoleClear
 *fill*         0x000000000000617c        0x4 
 .text.ConsoleSwRenderer_flushAndSwap
                0x0000000000006180       0x70 D:/Profiles/njp2424/Desktop/SwitchGraphics/GamepadButtons/SwitchCompiler/libnx/lib\libnx.a(console_sw.o)
 .text.ConsoleSwRenderer_scrollWindow
                0x00000000000061f0       0xc4 D:/Profiles/njp2424/Desktop/SwitchGraphics/GamepadButtons/SwitchCompiler/libnx/lib\libnx.a(console_sw.o)
 *fill*         0x00000000000062b4        0xc 
 .text.ConsoleSwRenderer_drawChar
                0x00000000000062c0      0x188 D:/Profiles/njp2424/Desktop/SwitchGraphics/GamepadButtons/SwitchCompiler/libnx/lib\libnx.a(console_sw.o)
 *fill*         0x0000000000006448        0x8 
 .text.ConsoleSwRenderer_deinit
                0x0000000000006450       0x3c D:/Profiles/njp2424/Desktop/SwitchGraphics/GamepadButtons/SwitchCompiler/libnx/lib\libnx.a(console_sw.o)
 *fill*         0x000000000000648c        0x4 
 .text.ConsoleSwRenderer_init
                0x0000000000006490       0xf4 D:/Profiles/njp2424/Desktop/SwitchGraphics/GamepadButtons/SwitchCompiler/libnx/lib\libnx.a(console_sw.o)
 *fill*         0x0000000000006584        0xc 
 .text.getDefaultConsoleRenderer
                0x0000000000006590        0xc D:/Profiles/njp2424/Desktop/SwitchGraphics/GamepadButtons/SwitchCompiler/libnx/lib\libnx.a(console_sw.o)
                0x0000000000006590                getDefaultConsoleRenderer
 .text.svcSetHeapSize
                0x000000000000659c       0x14 D:/Profiles/njp2424/Desktop/SwitchGraphics/GamepadButtons/SwitchCompiler/libnx/lib\libnx.a(svc.o)
                0x000000000000659c                svcSetHeapSize
 .text.svcSetMemoryAttribute
                0x00000000000065b0        0x8 D:/Profiles/njp2424/Desktop/SwitchGraphics/GamepadButtons/SwitchCompiler/libnx/lib\libnx.a(svc.o)
                0x00000000000065b0                svcSetMemoryAttribute
 .text.svcUnmapMemory
                0x00000000000065b8        0x8 D:/Profiles/njp2424/Desktop/SwitchGraphics/GamepadButtons/SwitchCompiler/libnx/lib\libnx.a(svc.o)
                0x00000000000065b8                svcUnmapMemory
 .text.svcQueryMemory
                0x00000000000065c0       0x14 D:/Profiles/njp2424/Desktop/SwitchGraphics/GamepadButtons/SwitchCompiler/libnx/lib\libnx.a(svc.o)
                0x00000000000065c0                svcQueryMemory
 .text.svcExitProcess
                0x00000000000065d4        0x8 D:/Profiles/njp2424/Desktop/SwitchGraphics/GamepadButtons/SwitchCompiler/libnx/lib\libnx.a(svc.o)
                0x00000000000065d4                svcExitProcess
 .text.svcSleepThread
                0x00000000000065dc        0x8 D:/Profiles/njp2424/Desktop/SwitchGraphics/GamepadButtons/SwitchCompiler/libnx/lib\libnx.a(svc.o)
                0x00000000000065dc                svcSleepThread
 .text.svcMapSharedMemory
                0x00000000000065e4        0x8 D:/Profiles/njp2424/Desktop/SwitchGraphics/GamepadButtons/SwitchCompiler/libnx/lib\libnx.a(svc.o)
                0x00000000000065e4                svcMapSharedMemory
 .text.svcUnmapSharedMemory
                0x00000000000065ec        0x8 D:/Profiles/njp2424/Desktop/SwitchGraphics/GamepadButtons/SwitchCompiler/libnx/lib\libnx.a(svc.o)
                0x00000000000065ec                svcUnmapSharedMemory
 .text.svcCreateTransferMemory
                0x00000000000065f4       0x14 D:/Profiles/njp2424/Desktop/SwitchGraphics/GamepadButtons/SwitchCompiler/libnx/lib\libnx.a(svc.o)
                0x00000000000065f4                svcCreateTransferMemory
 .text.svcCloseHandle
                0x0000000000006608        0x8 D:/Profiles/njp2424/Desktop/SwitchGraphics/GamepadButtons/SwitchCompiler/libnx/lib\libnx.a(svc.o)
                0x0000000000006608                svcCloseHandle
 .text.svcResetSignal
                0x0000000000006610        0x8 D:/Profiles/njp2424/Desktop/SwitchGraphics/GamepadButtons/SwitchCompiler/libnx/lib\libnx.a(svc.o)
                0x0000000000006610                svcResetSignal
 .text.svcWaitSynchronization
                0x0000000000006618       0x14 D:/Profiles/njp2424/Desktop/SwitchGraphics/GamepadButtons/SwitchCompiler/libnx/lib\libnx.a(svc.o)
                0x0000000000006618                svcWaitSynchronization
 .text.svcArbitrateLock
                0x000000000000662c        0x8 D:/Profiles/njp2424/Desktop/SwitchGraphics/GamepadButtons/SwitchCompiler/libnx/lib\libnx.a(svc.o)
                0x000000000000662c                svcArbitrateLock
 .text.svcArbitrateUnlock
                0x0000000000006634        0x8 D:/Profiles/njp2424/Desktop/SwitchGraphics/GamepadButtons/SwitchCompiler/libnx/lib\libnx.a(svc.o)
                0x0000000000006634                svcArbitrateUnlock
 .text.svcWaitProcessWideKeyAtomic
                0x000000000000663c        0x8 D:/Profiles/njp2424/Desktop/SwitchGraphics/GamepadButtons/SwitchCompiler/libnx/lib\libnx.a(svc.o)
                0x000000000000663c                svcWaitProcessWideKeyAtomic
 .text.svcSignalProcessWideKey
                0x0000000000006644        0x8 D:/Profiles/njp2424/Desktop/SwitchGraphics/GamepadButtons/SwitchCompiler/libnx/lib\libnx.a(svc.o)
                0x0000000000006644                svcSignalProcessWideKey
 .text.svcConnectToNamedPort
                0x000000000000664c       0x14 D:/Profiles/njp2424/Desktop/SwitchGraphics/GamepadButtons/SwitchCompiler/libnx/lib\libnx.a(svc.o)
                0x000000000000664c                svcConnectToNamedPort
 .text.svcSendSyncRequest
                0x0000000000006660        0x8 D:/Profiles/njp2424/Desktop/SwitchGraphics/GamepadButtons/SwitchCompiler/libnx/lib\libnx.a(svc.o)
                0x0000000000006660                svcSendSyncRequest
 .text.svcBreak
                0x0000000000006668        0x8 D:/Profiles/njp2424/Desktop/SwitchGraphics/GamepadButtons/SwitchCompiler/libnx/lib\libnx.a(svc.o)
                0x0000000000006668                svcBreak
 .text.svcReturnFromException
                0x0000000000006670        0x8 D:/Profiles/njp2424/Desktop/SwitchGraphics/GamepadButtons/SwitchCompiler/libnx/lib\libnx.a(svc.o)
                0x0000000000006670                svcReturnFromException
 .text.svcGetInfo
                0x0000000000006678       0x14 D:/Profiles/njp2424/Desktop/SwitchGraphics/GamepadButtons/SwitchCompiler/libnx/lib\libnx.a(svc.o)
                0x0000000000006678                svcGetInfo
 .text.svcUnmapTransferMemory
                0x000000000000668c        0x8 D:/Profiles/njp2424/Desktop/SwitchGraphics/GamepadButtons/SwitchCompiler/libnx/lib\libnx.a(svc.o)
                0x000000000000668c                svcUnmapTransferMemory
 *fill*         0x0000000000006694        0xc 
 .text.detectKernelVersion
                0x00000000000066a0      0x17c D:/Profiles/njp2424/Desktop/SwitchGraphics/GamepadButtons/SwitchCompiler/libnx/lib\libnx.a(detect.o)
                0x00000000000066a0                detectKernelVersion
 *fill*         0x000000000000681c        0x4 
 .text.detectDebugger
                0x0000000000006820       0x30 D:/Profiles/njp2424/Desktop/SwitchGraphics/GamepadButtons/SwitchCompiler/libnx/lib\libnx.a(detect.o)
                0x0000000000006820                detectDebugger
 .text.shmemLoadRemote
                0x0000000000006850       0x14 D:/Profiles/njp2424/Desktop/SwitchGraphics/GamepadButtons/SwitchCompiler/libnx/lib\libnx.a(shmem.o)
                0x0000000000006850                shmemLoadRemote
 *fill*         0x0000000000006864        0xc 
 .text.shmemMap
                0x0000000000006870       0x84 D:/Profiles/njp2424/Desktop/SwitchGraphics/GamepadButtons/SwitchCompiler/libnx/lib\libnx.a(shmem.o)
                0x0000000000006870                shmemMap
 *fill*         0x00000000000068f4        0xc 
 .text.shmemUnmap
                0x0000000000006900       0x58 D:/Profiles/njp2424/Desktop/SwitchGraphics/GamepadButtons/SwitchCompiler/libnx/lib\libnx.a(shmem.o)
                0x0000000000006900                shmemUnmap
 *fill*         0x0000000000006958        0x8 
 .text.shmemClose
                0x0000000000006960       0x44 D:/Profiles/njp2424/Desktop/SwitchGraphics/GamepadButtons/SwitchCompiler/libnx/lib\libnx.a(shmem.o)
                0x0000000000006960                shmemClose
 *fill*         0x00000000000069a4        0xc 
 .text._waitLoop
                0x00000000000069b0      0x104 D:/Profiles/njp2424/Desktop/SwitchGraphics/GamepadButtons/SwitchCompiler/libnx/lib\libnx.a(wait.o)
 *fill*         0x0000000000006ab4        0xc 
 .text._waitObjectsImpl
                0x0000000000006ac0      0x338 D:/Profiles/njp2424/Desktop/SwitchGraphics/GamepadButtons/SwitchCompiler/libnx/lib\libnx.a(wait.o)
 *fill*         0x0000000000006df8        0x8 
 .text.waitObjects
                0x0000000000006e00        0xc D:/Profiles/njp2424/Desktop/SwitchGraphics/GamepadButtons/SwitchCompiler/libnx/lib\libnx.a(wait.o)
                0x0000000000006e00                waitObjects
 *fill*         0x0000000000006e0c        0x4 
 .text.rwlockReadLock
                0x0000000000006e10       0x58 D:/Profiles/njp2424/Desktop/SwitchGraphics/GamepadButtons/SwitchCompiler/libnx/lib\libnx.a(rwlock.o)
                0x0000000000006e10                rwlockReadLock
 *fill*         0x0000000000006e68        0x8 
 .text.rwlockReadUnlock
                0x0000000000006e70       0x5c D:/Profiles/njp2424/Desktop/SwitchGraphics/GamepadButtons/SwitchCompiler/libnx/lib\libnx.a(rwlock.o)
                0x0000000000006e70                rwlockReadUnlock
 *fill*         0x0000000000006ecc        0x4 
 .text.rwlockWriteLock
                0x0000000000006ed0       0x84 D:/Profiles/njp2424/Desktop/SwitchGraphics/GamepadButtons/SwitchCompiler/libnx/lib\libnx.a(rwlock.o)
                0x0000000000006ed0                rwlockWriteLock
 *fill*         0x0000000000006f54        0xc 
 .text.rwlockWriteUnlock
                0x0000000000006f60       0x3c D:/Profiles/njp2424/Desktop/SwitchGraphics/GamepadButtons/SwitchCompiler/libnx/lib\libnx.a(rwlock.o)
                0x0000000000006f60                rwlockWriteUnlock
 *fill*         0x0000000000006f9c        0x4 
 .text.tmemCreate
                0x0000000000006fa0       0xa8 D:/Profiles/njp2424/Desktop/SwitchGraphics/GamepadButtons/SwitchCompiler/libnx/lib\libnx.a(tmem.o)
                0x0000000000006fa0                tmemCreate
 *fill*         0x0000000000007048        0x8 
 .text.tmemUnmap
                0x0000000000007050       0x58 D:/Profiles/njp2424/Desktop/SwitchGraphics/GamepadButtons/SwitchCompiler/libnx/lib\libnx.a(tmem.o)
                0x0000000000007050                tmemUnmap
 *fill*         0x00000000000070a8        0x8 
 .text.tmemClose
                0x00000000000070b0       0x68 D:/Profiles/njp2424/Desktop/SwitchGraphics/GamepadButtons/SwitchCompiler/libnx/lib\libnx.a(tmem.o)
                0x00000000000070b0                tmemClose
 *fill*         0x0000000000007118        0x8 
 .text.mutexLock
                0x0000000000007120       0x8c D:/Profiles/njp2424/Desktop/SwitchGraphics/GamepadButtons/SwitchCompiler/libnx/lib\libnx.a(mutex.o)
                0x0000000000007120                mutexLock
 *fill*         0x00000000000071ac        0x4 
 .text.mutexUnlock
                0x00000000000071b0       0x30 D:/Profiles/njp2424/Desktop/SwitchGraphics/GamepadButtons/SwitchCompiler/libnx/lib\libnx.a(mutex.o)
                0x00000000000071b0                mutexUnlock
 .text.rmutexLock
                0x00000000000071e0       0x4c D:/Profiles/njp2424/Desktop/SwitchGraphics/GamepadButtons/SwitchCompiler/libnx/lib\libnx.a(mutex.o)
                0x00000000000071e0                rmutexLock
 *fill*         0x000000000000722c        0x4 
 .text.rmutexUnlock
                0x0000000000007230       0x1c D:/Profiles/njp2424/Desktop/SwitchGraphics/GamepadButtons/SwitchCompiler/libnx/lib\libnx.a(mutex.o)
                0x0000000000007230                rmutexUnlock
 *fill*         0x000000000000724c        0x4 
 .text._GetRegionFromInfo.isra.1
                0x0000000000007250       0x7c D:/Profiles/njp2424/Desktop/SwitchGraphics/GamepadButtons/SwitchCompiler/libnx/lib\libnx.a(virtmem.o)
 *fill*         0x00000000000072cc        0x4 
 .text.virtmemSetup
                0x00000000000072d0      0x114 D:/Profiles/njp2424/Desktop/SwitchGraphics/GamepadButtons/SwitchCompiler/libnx/lib\libnx.a(virtmem.o)
                0x00000000000072d0                virtmemSetup
 *fill*         0x00000000000073e4        0xc 
 .text.virtmemReserve
                0x00000000000073f0      0x13c D:/Profiles/njp2424/Desktop/SwitchGraphics/GamepadButtons/SwitchCompiler/libnx/lib\libnx.a(virtmem.o)
                0x00000000000073f0                virtmemReserve
 *fill*         0x000000000000752c        0x4 
 .text.virtmemFree
                0x0000000000007530        0x4 D:/Profiles/njp2424/Desktop/SwitchGraphics/GamepadButtons/SwitchCompiler/libnx/lib\libnx.a(virtmem.o)
                0x0000000000007530                virtmemFree
 *fill*         0x0000000000007534        0xc 
 .text.eventLoadRemote
                0x0000000000007540        0xc D:/Profiles/njp2424/Desktop/SwitchGraphics/GamepadButtons/SwitchCompiler/libnx/lib\libnx.a(event.o)
                0x0000000000007540                eventLoadRemote
 *fill*         0x000000000000754c        0x4 
 .text.eventWait
                0x0000000000007550       0x38 D:/Profiles/njp2424/Desktop/SwitchGraphics/GamepadButtons/SwitchCompiler/libnx/lib\libnx.a(event.o)
                0x0000000000007550                eventWait
 *fill*         0x0000000000007588        0x8 
 .text.eventClose
                0x0000000000007590       0x50 D:/Profiles/njp2424/Desktop/SwitchGraphics/GamepadButtons/SwitchCompiler/libnx/lib\libnx.a(event.o)
                0x0000000000007590                eventClose
 .text.condvarWaitTimeout
                0x00000000000075e0       0x60 D:/Profiles/njp2424/Desktop/SwitchGraphics/GamepadButtons/SwitchCompiler/libnx/lib\libnx.a(condvar.o)
                0x00000000000075e0                condvarWaitTimeout
 .text.framebufferMakeLinear
                0x0000000000007640       0x80 D:/Profiles/njp2424/Desktop/SwitchGraphics/GamepadButtons/SwitchCompiler/libnx/lib\libnx.a(framebuffer.o)
                0x0000000000007640                framebufferMakeLinear
 .text.framebufferClose
                0x00000000000076c0       0x78 D:/Profiles/njp2424/Desktop/SwitchGraphics/GamepadButtons/SwitchCompiler/libnx/lib\libnx.a(framebuffer.o)
                0x00000000000076c0                framebufferClose
 *fill*         0x0000000000007738        0x8 
 .text.framebufferCreate
                0x0000000000007740      0x298 D:/Profiles/njp2424/Desktop/SwitchGraphics/GamepadButtons/SwitchCompiler/libnx/lib\libnx.a(framebuffer.o)
                0x0000000000007740                framebufferCreate
 *fill*         0x00000000000079d8        0x8 
 .text.framebufferBegin
                0x00000000000079e0       0x80 D:/Profiles/njp2424/Desktop/SwitchGraphics/GamepadButtons/SwitchCompiler/libnx/lib\libnx.a(framebuffer.o)
                0x00000000000079e0                framebufferBegin
 .text.framebufferEnd
                0x0000000000007a60      0x17c D:/Profiles/njp2424/Desktop/SwitchGraphics/GamepadButtons/SwitchCompiler/libnx/lib\libnx.a(framebuffer.o)
                0x0000000000007a60                framebufferEnd
 *fill*         0x0000000000007bdc        0x4 
 .text.nwindowGetDefault
                0x0000000000007be0        0xc D:/Profiles/njp2424/Desktop/SwitchGraphics/GamepadButtons/SwitchCompiler/libnx/lib\libnx.a(default_window.o)
                0x0000000000007be0                nwindowGetDefault
 *fill*         0x0000000000007bec        0x4 
 .text.__nx_win_init
                0x0000000000007bf0       0xc8 D:/Profiles/njp2424/Desktop/SwitchGraphics/GamepadButtons/SwitchCompiler/libnx/lib\libnx.a(default_window.o)
                0x0000000000007bf0                __nx_win_init
 *fill*         0x0000000000007cb8        0x8 
 .text.__nx_win_exit
                0x0000000000007cc0       0x34 D:/Profiles/njp2424/Desktop/SwitchGraphics/GamepadButtons/SwitchCompiler/libnx/lib\libnx.a(default_window.o)
                0x0000000000007cc0                __nx_win_exit
 *fill*         0x0000000000007cf4        0xc 
 .text._nwindowConnect
                0x0000000000007d00       0x54 D:/Profiles/njp2424/Desktop/SwitchGraphics/GamepadButtons/SwitchCompiler/libnx/lib\libnx.a(native_window.o)
 *fill*         0x0000000000007d54        0xc 
 .text._nwindowDisconnect
                0x0000000000007d60       0x40 D:/Profiles/njp2424/Desktop/SwitchGraphics/GamepadButtons/SwitchCompiler/libnx/lib\libnx.a(native_window.o)
 .text.nwindowIsValid
                0x0000000000007da0       0x24 D:/Profiles/njp2424/Desktop/SwitchGraphics/GamepadButtons/SwitchCompiler/libnx/lib\libnx.a(native_window.o)
                0x0000000000007da0                nwindowIsValid
 *fill*         0x0000000000007dc4        0xc 
 .text.nwindowClose
                0x0000000000007dd0       0x6c D:/Profiles/njp2424/Desktop/SwitchGraphics/GamepadButtons/SwitchCompiler/libnx/lib\libnx.a(native_window.o)
                0x0000000000007dd0                nwindowClose
 *fill*         0x0000000000007e3c        0x4 
 .text.nwindowCreate
                0x0000000000007e40       0xc4 D:/Profiles/njp2424/Desktop/SwitchGraphics/GamepadButtons/SwitchCompiler/libnx/lib\libnx.a(native_window.o)
                0x0000000000007e40                nwindowCreate
 *fill*         0x0000000000007f04        0xc 
 .text.nwindowCreateFromLayer
                0x0000000000007f10        0xc D:/Profiles/njp2424/Desktop/SwitchGraphics/GamepadButtons/SwitchCompiler/libnx/lib\libnx.a(native_window.o)
                0x0000000000007f10                nwindowCreateFromLayer
 *fill*         0x0000000000007f1c        0x4 
 .text.nwindowSetDimensions
                0x0000000000007f20       0x88 D:/Profiles/njp2424/Desktop/SwitchGraphics/GamepadButtons/SwitchCompiler/libnx/lib\libnx.a(native_window.o)
                0x0000000000007f20                nwindowSetDimensions
 *fill*         0x0000000000007fa8        0x8 
 .text.nwindowConfigureBuffer
                0x0000000000007fb0      0x154 D:/Profiles/njp2424/Desktop/SwitchGraphics/GamepadButtons/SwitchCompiler/libnx/lib\libnx.a(native_window.o)
                0x0000000000007fb0                nwindowConfigureBuffer
 *fill*         0x0000000000008104        0xc 
 .text.nwindowDequeueBuffer
                0x0000000000008110      0x1e4 D:/Profiles/njp2424/Desktop/SwitchGraphics/GamepadButtons/SwitchCompiler/libnx/lib\libnx.a(native_window.o)
                0x0000000000008110                nwindowDequeueBuffer
 *fill*         0x00000000000082f4        0xc 
 .text.nwindowQueueBuffer
                0x0000000000008300      0x144 D:/Profiles/njp2424/Desktop/SwitchGraphics/GamepadButtons/SwitchCompiler/libnx/lib\libnx.a(native_window.o)
                0x0000000000008300                nwindowQueueBuffer
 *fill*         0x0000000000008444        0xc 
 .text.nwindowReleaseBuffers
                0x0000000000008450       0xac D:/Profiles/njp2424/Desktop/SwitchGraphics/GamepadButtons/SwitchCompiler/libnx/lib\libnx.a(native_window.o)
                0x0000000000008450                nwindowReleaseBuffers
 *fill*         0x00000000000084fc        0x4 
 .text.__nx_dynamic
                0x0000000000008500       0xa0 D:/Profiles/njp2424/Desktop/SwitchGraphics/GamepadButtons/SwitchCompiler/libnx/lib\libnx.a(dynamic.o)
                0x0000000000008500                __nx_dynamic
 .text.__libnx_initheap
                0x00000000000085a0       0xd8 D:/Profiles/njp2424/Desktop/SwitchGraphics/GamepadButtons/SwitchCompiler/libnx/lib\libnx.a(init.o)
                0x00000000000085a0                __libnx_initheap
 *fill*         0x0000000000008678        0x8 
 .text.__appInit
                0x0000000000008680       0xdc D:/Profiles/njp2424/Desktop/SwitchGraphics/GamepadButtons/SwitchCompiler/libnx/lib\libnx.a(init.o)
                0x0000000000008680                __appInit
 *fill*         0x000000000000875c        0x4 
 .text.__appExit
                0x0000000000008760       0x44 D:/Profiles/njp2424/Desktop/SwitchGraphics/GamepadButtons/SwitchCompiler/libnx/lib\libnx.a(init.o)
                0x0000000000008760                __appExit
 *fill*         0x00000000000087a4        0xc 
 .text.__libnx_init
                0x00000000000087b0       0x28 D:/Profiles/njp2424/Desktop/SwitchGraphics/GamepadButtons/SwitchCompiler/libnx/lib\libnx.a(init.o)
                0x00000000000087b0                __libnx_init
 *fill*         0x00000000000087d8        0x8 
 .text.__libnx_exit
                0x00000000000087e0       0x20 D:/Profiles/njp2424/Desktop/SwitchGraphics/GamepadButtons/SwitchCompiler/libnx/lib\libnx.a(init.o)
                0x00000000000087e0                __libnx_exit
 .text.__syscall_exit
                0x0000000000008800       0x1c D:/Profiles/njp2424/Desktop/SwitchGraphics/GamepadButtons/SwitchCompiler/libnx/lib\libnx.a(newlib.o)
                0x0000000000008800                __syscall_exit
 *fill*         0x000000000000881c        0x4 
 .text.__syscall_getreent
                0x0000000000008820       0x34 D:/Profiles/njp2424/Desktop/SwitchGraphics/GamepadButtons/SwitchCompiler/libnx/lib\libnx.a(newlib.o)
                0x0000000000008820                __syscall_getreent
 *fill*         0x0000000000008854        0xc 
 .text.__syscall_lock_acquire
                0x0000000000008860        0x4 D:/Profiles/njp2424/Desktop/SwitchGraphics/GamepadButtons/SwitchCompiler/libnx/lib\libnx.a(newlib.o)
                0x0000000000008860                __syscall_lock_acquire
 *fill*         0x0000000000008864        0xc 
 .text.__syscall_lock_release
                0x0000000000008870        0x4 D:/Profiles/njp2424/Desktop/SwitchGraphics/GamepadButtons/SwitchCompiler/libnx/lib\libnx.a(newlib.o)
                0x0000000000008870                __syscall_lock_release
 *fill*         0x0000000000008874        0xc 
 .text.__syscall_lock_acquire_recursive
                0x0000000000008880        0x4 D:/Profiles/njp2424/Desktop/SwitchGraphics/GamepadButtons/SwitchCompiler/libnx/lib\libnx.a(newlib.o)
                0x0000000000008880                __syscall_lock_acquire_recursive
 *fill*         0x0000000000008884        0xc 
 .text.__syscall_lock_release_recursive
                0x0000000000008890        0x4 D:/Profiles/njp2424/Desktop/SwitchGraphics/GamepadButtons/SwitchCompiler/libnx/lib\libnx.a(newlib.o)
                0x0000000000008890                __syscall_lock_release_recursive
 *fill*         0x0000000000008894        0xc 
 .text.__libnx_init_time
                0x00000000000088a0      0x27c D:/Profiles/njp2424/Desktop/SwitchGraphics/GamepadButtons/SwitchCompiler/libnx/lib\libnx.a(newlib.o)
                0x00000000000088a0                __libnx_init_time
 *fill*         0x0000000000008b1c        0x4 
 .text.newlibSetup
                0x0000000000008b20       0x80 D:/Profiles/njp2424/Desktop/SwitchGraphics/GamepadButtons/SwitchCompiler/libnx/lib\libnx.a(newlib.o)
                0x0000000000008b20                newlibSetup
 .text.argvSetup
                0x0000000000008ba0      0x324 D:/Profiles/njp2424/Desktop/SwitchGraphics/GamepadButtons/SwitchCompiler/libnx/lib\libnx.a(argv.o)
                0x0000000000008ba0                argvSetup
 *fill*         0x0000000000008ec4        0xc 
 .text.fsdev_link
                0x0000000000008ed0       0x10 D:/Profiles/njp2424/Desktop/SwitchGraphics/GamepadButtons/SwitchCompiler/libnx/lib\libnx.a(fs_dev.o)
 .text.fsdev_dirreset
                0x0000000000008ee0       0x10 D:/Profiles/njp2424/Desktop/SwitchGraphics/GamepadButtons/SwitchCompiler/libnx/lib\libnx.a(fs_dev.o)
 .text.fsdev_chmod
                0x0000000000008ef0       0x10 D:/Profiles/njp2424/Desktop/SwitchGraphics/GamepadButtons/SwitchCompiler/libnx/lib\libnx.a(fs_dev.o)
 .text.error_cmp
                0x0000000000008f00       0x1c D:/Profiles/njp2424/Desktop/SwitchGraphics/GamepadButtons/SwitchCompiler/libnx/lib\libnx.a(fs_dev.o)
 *fill*         0x0000000000008f1c        0x4 
 .text.fsdev_translate_error
                0x0000000000008f20       0x58 D:/Profiles/njp2424/Desktop/SwitchGraphics/GamepadButtons/SwitchCompiler/libnx/lib\libnx.a(fs_dev.o)
 *fill*         0x0000000000008f78        0x8 
 .text.fsdev_fsync
                0x0000000000008f80       0x40 D:/Profiles/njp2424/Desktop/SwitchGraphics/GamepadButtons/SwitchCompiler/libnx/lib\libnx.a(fs_dev.o)
 .text.fsdev_ftruncate
                0x0000000000008fc0       0x60 D:/Profiles/njp2424/Desktop/SwitchGraphics/GamepadButtons/SwitchCompiler/libnx/lib\libnx.a(fs_dev.o)
 .text.fsdev_dirclose
                0x0000000000009020       0x20 D:/Profiles/njp2424/Desktop/SwitchGraphics/GamepadButtons/SwitchCompiler/libnx/lib\libnx.a(fs_dev.o)
 .text.fsdev_dirnext
                0x0000000000009040      0x16c D:/Profiles/njp2424/Desktop/SwitchGraphics/GamepadButtons/SwitchCompiler/libnx/lib\libnx.a(fs_dev.o)
 *fill*         0x00000000000091ac        0x4 
 .text.fsdev_close
                0x00000000000091b0       0x1c D:/Profiles/njp2424/Desktop/SwitchGraphics/GamepadButtons/SwitchCompiler/libnx/lib\libnx.a(fs_dev.o)
 *fill*         0x00000000000091cc        0x4 
 .text.fsdev_fstat
                0x00000000000091d0       0xa4 D:/Profiles/njp2424/Desktop/SwitchGraphics/GamepadButtons/SwitchCompiler/libnx/lib\libnx.a(fs_dev.o)
 *fill*         0x0000000000009274        0xc 
 .text.fsdev_seek
                0x0000000000009280       0xb0 D:/Profiles/njp2424/Desktop/SwitchGraphics/GamepadButtons/SwitchCompiler/libnx/lib\libnx.a(fs_dev.o)
 .text.fsdev_read
                0x0000000000009330      0x198 D:/Profiles/njp2424/Desktop/SwitchGraphics/GamepadButtons/SwitchCompiler/libnx/lib\libnx.a(fs_dev.o)
 *fill*         0x00000000000094c8        0x8 
 .text.fsdev_write
                0x00000000000094d0      0x1a0 D:/Profiles/njp2424/Desktop/SwitchGraphics/GamepadButtons/SwitchCompiler/libnx/lib\libnx.a(fs_dev.o)
 .text.fsdevFindDevice
                0x0000000000009670      0x120 D:/Profiles/njp2424/Desktop/SwitchGraphics/GamepadButtons/SwitchCompiler/libnx/lib\libnx.a(fs_dev.o)
 .text._fsdevMountDevice
                0x0000000000009790      0x140 D:/Profiles/njp2424/Desktop/SwitchGraphics/GamepadButtons/SwitchCompiler/libnx/lib\libnx.a(fs_dev.o)
 .text.fsdev_getfspath
                0x00000000000098d0      0x1fc D:/Profiles/njp2424/Desktop/SwitchGraphics/GamepadButtons/SwitchCompiler/libnx/lib\libnx.a(fs_dev.o)
 *fill*         0x0000000000009acc        0x4 
 .text.fsdev_rmdir
                0x0000000000009ad0       0x70 D:/Profiles/njp2424/Desktop/SwitchGraphics/GamepadButtons/SwitchCompiler/libnx/lib\libnx.a(fs_dev.o)
 .text.fsdev_statvfs
                0x0000000000009b40       0xd4 D:/Profiles/njp2424/Desktop/SwitchGraphics/GamepadButtons/SwitchCompiler/libnx/lib\libnx.a(fs_dev.o)
 *fill*         0x0000000000009c14        0xc 
 .text.fsdev_diropen
                0x0000000000009c20       0xec D:/Profiles/njp2424/Desktop/SwitchGraphics/GamepadButtons/SwitchCompiler/libnx/lib\libnx.a(fs_dev.o)
 *fill*         0x0000000000009d0c        0x4 
 .text.fsdev_mkdir
                0x0000000000009d10       0x70 D:/Profiles/njp2424/Desktop/SwitchGraphics/GamepadButtons/SwitchCompiler/libnx/lib\libnx.a(fs_dev.o)
 .text.fsdev_rename
                0x0000000000009d80      0x114 D:/Profiles/njp2424/Desktop/SwitchGraphics/GamepadButtons/SwitchCompiler/libnx/lib\libnx.a(fs_dev.o)
 *fill*         0x0000000000009e94        0xc 
 .text.fsdev_chdir
                0x0000000000009ea0       0xe8 D:/Profiles/njp2424/Desktop/SwitchGraphics/GamepadButtons/SwitchCompiler/libnx/lib\libnx.a(fs_dev.o)
 *fill*         0x0000000000009f88        0x8 
 .text.fsdev_unlink
                0x0000000000009f90       0x70 D:/Profiles/njp2424/Desktop/SwitchGraphics/GamepadButtons/SwitchCompiler/libnx/lib\libnx.a(fs_dev.o)
 .text.fsdev_stat
                0x000000000000a000      0x1bc D:/Profiles/njp2424/Desktop/SwitchGraphics/GamepadButtons/SwitchCompiler/libnx/lib\libnx.a(fs_dev.o)
 *fill*         0x000000000000a1bc        0x4 
 .text.fsdev_open
                0x000000000000a1c0      0x19c D:/Profiles/njp2424/Desktop/SwitchGraphics/GamepadButtons/SwitchCompiler/libnx/lib\libnx.a(fs_dev.o)
 *fill*         0x000000000000a35c        0x4 
 .text._fsdevUnmountDeviceStruct.part.4
                0x000000000000a360       0xb8 D:/Profiles/njp2424/Desktop/SwitchGraphics/GamepadButtons/SwitchCompiler/libnx/lib\libnx.a(fs_dev.o)
 *fill*         0x000000000000a418        0x8 
 .text.fsdev_fchmod
                0x000000000000a420       0x10 D:/Profiles/njp2424/Desktop/SwitchGraphics/GamepadButtons/SwitchCompiler/libnx/lib\libnx.a(fs_dev.o)
 .text.fsdevMountSdmc
                0x000000000000a430      0x170 D:/Profiles/njp2424/Desktop/SwitchGraphics/GamepadButtons/SwitchCompiler/libnx/lib\libnx.a(fs_dev.o)
                0x000000000000a430                fsdevMountSdmc
 .text.fsdevUnmountAll
                0x000000000000a5a0       0x64 D:/Profiles/njp2424/Desktop/SwitchGraphics/GamepadButtons/SwitchCompiler/libnx/lib\libnx.a(fs_dev.o)
                0x000000000000a5a0                fsdevUnmountAll
 *fill*         0x000000000000a604        0xc 
 .text.decode_utf8
                0x000000000000a610      0x12c D:/Profiles/njp2424/Desktop/SwitchGraphics/GamepadButtons/SwitchCompiler/libnx/lib\libnx.a(decode_utf8.o)
                0x000000000000a610                decode_utf8
 .text.armDCacheFlush
                0x000000000000a73c       0x3c D:/Profiles/njp2424/Desktop/SwitchGraphics/GamepadButtons/SwitchCompiler/libnx/lib\libnx.a(cache.o)
                0x000000000000a73c                armDCacheFlush
 .text.__libnx_exception_entry
                0x000000000000a778      0x1c0 D:/Profiles/njp2424/Desktop/SwitchGraphics/GamepadButtons/SwitchCompiler/libnx/lib\libnx.a(exception.o)
                0x000000000000a778                __libnx_exception_entry
 .text.__libnx_exception_returnentry
                0x000000000000a938       0x18 D:/Profiles/njp2424/Desktop/SwitchGraphics/GamepadButtons/SwitchCompiler/libnx/lib\libnx.a(exception.o)
                0x000000000000a938                __libnx_exception_returnentry
 .text.__aarch64_read_tp
                0x000000000000a950        0xc D:/Profiles/njp2424/Desktop/SwitchGraphics/GamepadButtons/SwitchCompiler/libnx/lib\libnx.a(readtp.o)
                0x000000000000a950                __aarch64_read_tp
 *fill*         0x000000000000a95c        0x4 
 .text.ipcCloseObjectById
                0x000000000000a960       0x34 D:/Profiles/njp2424/Desktop/SwitchGraphics/GamepadButtons/SwitchCompiler/libnx/lib\libnx.a(nv.o)
 *fill*         0x000000000000a994        0xc 
 .text._nvSetClientPID
                0x000000000000a9a0       0xd8 D:/Profiles/njp2424/Desktop/SwitchGraphics/GamepadButtons/SwitchCompiler/libnx/lib\libnx.a(nv.o)
 *fill*         0x000000000000aa78        0x8 
 .text.ipcQueryPointerBufferSize.constprop.10
                0x000000000000aa80       0xc8 D:/Profiles/njp2424/Desktop/SwitchGraphics/GamepadButtons/SwitchCompiler/libnx/lib\libnx.a(nv.o)
 *fill*         0x000000000000ab48        0x8 
 .text._nvInitialize.constprop.8
                0x000000000000ab50       0xf0 D:/Profiles/njp2424/Desktop/SwitchGraphics/GamepadButtons/SwitchCompiler/libnx/lib\libnx.a(nv.o)
 .text.ipcCloneSession.constprop.9
                0x000000000000ac40      0x10c D:/Profiles/njp2424/Desktop/SwitchGraphics/GamepadButtons/SwitchCompiler/libnx/lib\libnx.a(nv.o)
 *fill*         0x000000000000ad4c        0x4 
 .text.nvExit   0x000000000000ad50      0x100 D:/Profiles/njp2424/Desktop/SwitchGraphics/GamepadButtons/SwitchCompiler/libnx/lib\libnx.a(nv.o)
                0x000000000000ad50                nvExit
 .text.nvInitialize
                0x000000000000ae50      0x184 D:/Profiles/njp2424/Desktop/SwitchGraphics/GamepadButtons/SwitchCompiler/libnx/lib\libnx.a(nv.o)
                0x000000000000ae50                nvInitialize
 *fill*         0x000000000000afd4        0xc 
 .text.nvConvertError
                0x000000000000afe0      0x12c D:/Profiles/njp2424/Desktop/SwitchGraphics/GamepadButtons/SwitchCompiler/libnx/lib\libnx.a(nv.o)
                0x000000000000afe0                nvConvertError
 *fill*         0x000000000000b10c        0x4 
 .text.nvOpen   0x000000000000b110      0x12c D:/Profiles/njp2424/Desktop/SwitchGraphics/GamepadButtons/SwitchCompiler/libnx/lib\libnx.a(nv.o)
                0x000000000000b110                nvOpen
 *fill*         0x000000000000b23c        0x4 
 .text.nvIoctl  0x000000000000b240      0x270 D:/Profiles/njp2424/Desktop/SwitchGraphics/GamepadButtons/SwitchCompiler/libnx/lib\libnx.a(nv.o)
                0x000000000000b240                nvIoctl
 .text.nvClose  0x000000000000b4b0       0xdc D:/Profiles/njp2424/Desktop/SwitchGraphics/GamepadButtons/SwitchCompiler/libnx/lib\libnx.a(nv.o)
                0x000000000000b4b0                nvClose
 *fill*         0x000000000000b58c        0x4 
 .text.nvQueryEvent
                0x000000000000b590      0x15c D:/Profiles/njp2424/Desktop/SwitchGraphics/GamepadButtons/SwitchCompiler/libnx/lib\libnx.a(nv.o)
                0x000000000000b590                nvQueryEvent
 *fill*         0x000000000000b6ec        0x4 
 .text.ipcCloseObjectById
                0x000000000000b6f0       0x34 D:/Profiles/njp2424/Desktop/SwitchGraphics/GamepadButtons/SwitchCompiler/libnx/lib\libnx.a(time.o)
 *fill*         0x000000000000b724        0xc 
 .text._timeGetSession
                0x000000000000b730      0x12c D:/Profiles/njp2424/Desktop/SwitchGraphics/GamepadButtons/SwitchCompiler/libnx/lib\libnx.a(time.o)
 *fill*         0x000000000000b85c        0x4 
 .text.timeExit
                0x000000000000b860      0x1ec D:/Profiles/njp2424/Desktop/SwitchGraphics/GamepadButtons/SwitchCompiler/libnx/lib\libnx.a(time.o)
                0x000000000000b860                timeExit
 *fill*         0x000000000000ba4c        0x4 
 .text.timeInitialize
                0x000000000000ba50       0xd8 D:/Profiles/njp2424/Desktop/SwitchGraphics/GamepadButtons/SwitchCompiler/libnx/lib\libnx.a(time.o)
                0x000000000000ba50                timeInitialize
 *fill*         0x000000000000bb28        0x8 
 .text.timeGetCurrentTime
                0x000000000000bb30      0x124 D:/Profiles/njp2424/Desktop/SwitchGraphics/GamepadButtons/SwitchCompiler/libnx/lib\libnx.a(time.o)
                0x000000000000bb30                timeGetCurrentTime
 *fill*         0x000000000000bc54        0xc 
 .text.timeToCalendarTimeWithMyRule
                0x000000000000bc60      0x118 D:/Profiles/njp2424/Desktop/SwitchGraphics/GamepadButtons/SwitchCompiler/libnx/lib\libnx.a(time.o)
                0x000000000000bc60                timeToCalendarTimeWithMyRule
 *fill*         0x000000000000bd78        0x8 
 .text.ipcCloseObjectById
                0x000000000000bd80       0x34 D:/Profiles/njp2424/Desktop/SwitchGraphics/GamepadButtons/SwitchCompiler/libnx/lib\libnx.a(vi.o)
 *fill*         0x000000000000bdb4        0xc 
 .text._viGetSession.constprop.7
                0x000000000000bdc0      0x134 D:/Profiles/njp2424/Desktop/SwitchGraphics/GamepadButtons/SwitchCompiler/libnx/lib\libnx.a(vi.o)
 *fill*         0x000000000000bef4        0xc 
 .text.viExit   0x000000000000bf00      0x1e4 D:/Profiles/njp2424/Desktop/SwitchGraphics/GamepadButtons/SwitchCompiler/libnx/lib\libnx.a(vi.o)
                0x000000000000bf00                viExit
 *fill*         0x000000000000c0e4        0xc 
 .text.viInitialize
                0x000000000000c0f0      0x2f8 D:/Profiles/njp2424/Desktop/SwitchGraphics/GamepadButtons/SwitchCompiler/libnx/lib\libnx.a(vi.o)
                0x000000000000c0f0                viInitialize
 *fill*         0x000000000000c3e8        0x8 
 .text.viGetSession_IHOSBinderDriverRelay
                0x000000000000c3f0        0xc D:/Profiles/njp2424/Desktop/SwitchGraphics/GamepadButtons/SwitchCompiler/libnx/lib\libnx.a(vi.o)
                0x000000000000c3f0                viGetSession_IHOSBinderDriverRelay
 *fill*         0x000000000000c3fc        0x4 
 .text.viOpenDisplay
                0x000000000000c400      0x140 D:/Profiles/njp2424/Desktop/SwitchGraphics/GamepadButtons/SwitchCompiler/libnx/lib\libnx.a(vi.o)
                0x000000000000c400                viOpenDisplay
 .text.viCloseDisplay
                0x000000000000c540      0x104 D:/Profiles/njp2424/Desktop/SwitchGraphics/GamepadButtons/SwitchCompiler/libnx/lib\libnx.a(vi.o)
                0x000000000000c540                viCloseDisplay
 *fill*         0x000000000000c644        0xc 
 .text.viCloseLayer
                0x000000000000c650      0x104 D:/Profiles/njp2424/Desktop/SwitchGraphics/GamepadButtons/SwitchCompiler/libnx/lib\libnx.a(vi.o)
                0x000000000000c650                viCloseLayer
 *fill*         0x000000000000c754        0xc 
 .text.viCreateLayer
                0x000000000000c760      0x370 D:/Profiles/njp2424/Desktop/SwitchGraphics/GamepadButtons/SwitchCompiler/libnx/lib\libnx.a(vi.o)
                0x000000000000c760                viCreateLayer
 .text.viSetLayerScalingMode
                0x000000000000cad0       0xe8 D:/Profiles/njp2424/Desktop/SwitchGraphics/GamepadButtons/SwitchCompiler/libnx/lib\libnx.a(vi.o)
                0x000000000000cad0                viSetLayerScalingMode
 *fill*         0x000000000000cbb8        0x8 
 .text.ipcCloseObjectById
                0x000000000000cbc0       0x34 D:/Profiles/njp2424/Desktop/SwitchGraphics/GamepadButtons/SwitchCompiler/libnx/lib\libnx.a(set.o)
 *fill*         0x000000000000cbf4        0xc 
 .text._setsysGetFirmwareVersionImpl
                0x000000000000cc00      0x1d4 D:/Profiles/njp2424/Desktop/SwitchGraphics/GamepadButtons/SwitchCompiler/libnx/lib\libnx.a(set.o)
 *fill*         0x000000000000cdd4        0xc 
 .text.setsysInitialize
                0x000000000000cde0       0x3c D:/Profiles/njp2424/Desktop/SwitchGraphics/GamepadButtons/SwitchCompiler/libnx/lib\libnx.a(set.o)
                0x000000000000cde0                setsysInitialize
 *fill*         0x000000000000ce1c        0x4 
 .text.setsysExit
                0x000000000000ce20       0x9c D:/Profiles/njp2424/Desktop/SwitchGraphics/GamepadButtons/SwitchCompiler/libnx/lib\libnx.a(set.o)
                0x000000000000ce20                setsysExit
 *fill*         0x000000000000cebc        0x4 
 .text.setsysGetFirmwareVersion
                0x000000000000cec0       0x44 D:/Profiles/njp2424/Desktop/SwitchGraphics/GamepadButtons/SwitchCompiler/libnx/lib\libnx.a(set.o)
                0x000000000000cec0                setsysGetFirmwareVersion
 *fill*         0x000000000000cf04        0xc 
 .text.ipcPrepareHeader
                0x000000000000cf10      0x220 D:/Profiles/njp2424/Desktop/SwitchGraphics/GamepadButtons/SwitchCompiler/libnx/lib\libnx.a(fs.o)
 .text.ipcParse
                0x000000000000d130      0x22c D:/Profiles/njp2424/Desktop/SwitchGraphics/GamepadButtons/SwitchCompiler/libnx/lib\libnx.a(fs.o)
 *fill*         0x000000000000d35c        0x4 
 .text.serviceIpcParse
                0x000000000000d360       0xb0 D:/Profiles/njp2424/Desktop/SwitchGraphics/GamepadButtons/SwitchCompiler/libnx/lib\libnx.a(fs.o)
 .text.ipcCloseObjectById
                0x000000000000d410       0x34 D:/Profiles/njp2424/Desktop/SwitchGraphics/GamepadButtons/SwitchCompiler/libnx/lib\libnx.a(fs.o)
 *fill*         0x000000000000d444        0xc 
 .text.fsInitialize
                0x000000000000d450      0x200 D:/Profiles/njp2424/Desktop/SwitchGraphics/GamepadButtons/SwitchCompiler/libnx/lib\libnx.a(fs.o)
                0x000000000000d450                fsInitialize
 .text.fsExit   0x000000000000d650       0x9c D:/Profiles/njp2424/Desktop/SwitchGraphics/GamepadButtons/SwitchCompiler/libnx/lib\libnx.a(fs.o)
                0x000000000000d650                fsExit
 *fill*         0x000000000000d6ec        0x4 
 .text.fsMountSdcard
                0x000000000000d6f0      0x1cc D:/Profiles/njp2424/Desktop/SwitchGraphics/GamepadButtons/SwitchCompiler/libnx/lib\libnx.a(fs.o)
                0x000000000000d6f0                fsMountSdcard
 *fill*         0x000000000000d8bc        0x4 
 .text.fsFsCreateFile
                0x000000000000d8c0      0x1a4 D:/Profiles/njp2424/Desktop/SwitchGraphics/GamepadButtons/SwitchCompiler/libnx/lib\libnx.a(fs.o)
                0x000000000000d8c0                fsFsCreateFile
 *fill*         0x000000000000da64        0xc 
 .text.fsFsDeleteFile
                0x000000000000da70      0x19c D:/Profiles/njp2424/Desktop/SwitchGraphics/GamepadButtons/SwitchCompiler/libnx/lib\libnx.a(fs.o)
                0x000000000000da70                fsFsDeleteFile
 *fill*         0x000000000000dc0c        0x4 
 .text.fsFsCreateDirectory
                0x000000000000dc10      0x19c D:/Profiles/njp2424/Desktop/SwitchGraphics/GamepadButtons/SwitchCompiler/libnx/lib\libnx.a(fs.o)
                0x000000000000dc10                fsFsCreateDirectory
 *fill*         0x000000000000ddac        0x4 
 .text.fsFsDeleteDirectory
                0x000000000000ddb0      0x19c D:/Profiles/njp2424/Desktop/SwitchGraphics/GamepadButtons/SwitchCompiler/libnx/lib\libnx.a(fs.o)
                0x000000000000ddb0                fsFsDeleteDirectory
 *fill*         0x000000000000df4c        0x4 
 .text.fsFsRenameFile
                0x000000000000df50      0x214 D:/Profiles/njp2424/Desktop/SwitchGraphics/GamepadButtons/SwitchCompiler/libnx/lib\libnx.a(fs.o)
                0x000000000000df50                fsFsRenameFile
 *fill*         0x000000000000e164        0xc 
 .text.fsFsRenameDirectory
                0x000000000000e170      0x214 D:/Profiles/njp2424/Desktop/SwitchGraphics/GamepadButtons/SwitchCompiler/libnx/lib\libnx.a(fs.o)
                0x000000000000e170                fsFsRenameDirectory
 *fill*         0x000000000000e384        0xc 
 .text.fsFsGetEntryType
                0x000000000000e390      0x1b0 D:/Profiles/njp2424/Desktop/SwitchGraphics/GamepadButtons/SwitchCompiler/libnx/lib\libnx.a(fs.o)
                0x000000000000e390                fsFsGetEntryType
 .text.fsFsOpenFile
                0x000000000000e540      0x1e4 D:/Profiles/njp2424/Desktop/SwitchGraphics/GamepadButtons/SwitchCompiler/libnx/lib\libnx.a(fs.o)
                0x000000000000e540                fsFsOpenFile
 *fill*         0x000000000000e724        0xc 
 .text.fsFsOpenDirectory
                0x000000000000e730      0x1f8 D:/Profiles/njp2424/Desktop/SwitchGraphics/GamepadButtons/SwitchCompiler/libnx/lib\libnx.a(fs.o)
                0x000000000000e730                fsFsOpenDirectory
 *fill*         0x000000000000e928        0x8 
 .text.fsFsGetFreeSpace
                0x000000000000e930      0x1b0 D:/Profiles/njp2424/Desktop/SwitchGraphics/GamepadButtons/SwitchCompiler/libnx/lib\libnx.a(fs.o)
                0x000000000000e930                fsFsGetFreeSpace
 .text.fsFsGetTotalSpace
                0x000000000000eae0      0x1b0 D:/Profiles/njp2424/Desktop/SwitchGraphics/GamepadButtons/SwitchCompiler/libnx/lib\libnx.a(fs.o)
                0x000000000000eae0                fsFsGetTotalSpace
 .text.fsFsGetFileTimeStampRaw
                0x000000000000ec90      0x194 D:/Profiles/njp2424/Desktop/SwitchGraphics/GamepadButtons/SwitchCompiler/libnx/lib\libnx.a(fs.o)
                0x000000000000ec90                fsFsGetFileTimeStampRaw
 *fill*         0x000000000000ee24        0xc 
 .text.fsFsClose
                0x000000000000ee30       0x6c D:/Profiles/njp2424/Desktop/SwitchGraphics/GamepadButtons/SwitchCompiler/libnx/lib\libnx.a(fs.o)
                0x000000000000ee30                fsFsClose
 *fill*         0x000000000000ee9c        0x4 
 .text.fsFileRead
                0x000000000000eea0      0x1f0 D:/Profiles/njp2424/Desktop/SwitchGraphics/GamepadButtons/SwitchCompiler/libnx/lib\libnx.a(fs.o)
                0x000000000000eea0                fsFileRead
 .text.fsFileWrite
                0x000000000000f090      0x1b8 D:/Profiles/njp2424/Desktop/SwitchGraphics/GamepadButtons/SwitchCompiler/libnx/lib\libnx.a(fs.o)
                0x000000000000f090                fsFileWrite
 *fill*         0x000000000000f248        0x8 
 .text.fsFileFlush
                0x000000000000f250      0x16c D:/Profiles/njp2424/Desktop/SwitchGraphics/GamepadButtons/SwitchCompiler/libnx/lib\libnx.a(fs.o)
                0x000000000000f250                fsFileFlush
 *fill*         0x000000000000f3bc        0x4 
 .text.fsFileSetSize
                0x000000000000f3c0      0x174 D:/Profiles/njp2424/Desktop/SwitchGraphics/GamepadButtons/SwitchCompiler/libnx/lib\libnx.a(fs.o)
                0x000000000000f3c0                fsFileSetSize
 *fill*         0x000000000000f534        0xc 
 .text.fsFileGetSize
                0x000000000000f540      0x194 D:/Profiles/njp2424/Desktop/SwitchGraphics/GamepadButtons/SwitchCompiler/libnx/lib\libnx.a(fs.o)
                0x000000000000f540                fsFileGetSize
 *fill*         0x000000000000f6d4        0xc 
 .text.fsFileClose
                0x000000000000f6e0       0x6c D:/Profiles/njp2424/Desktop/SwitchGraphics/GamepadButtons/SwitchCompiler/libnx/lib\libnx.a(fs.o)
                0x000000000000f6e0                fsFileClose
 *fill*         0x000000000000f74c        0x4 
 .text.fsDirClose
                0x000000000000f750       0x6c D:/Profiles/njp2424/Desktop/SwitchGraphics/GamepadButtons/SwitchCompiler/libnx/lib\libnx.a(fs.o)
                0x000000000000f750                fsDirClose
 *fill*         0x000000000000f7bc        0x4 
 .text.fsDirRead
                0x000000000000f7c0      0x1ec D:/Profiles/njp2424/Desktop/SwitchGraphics/GamepadButtons/SwitchCompiler/libnx/lib\libnx.a(fs.o)
                0x000000000000f7c0                fsDirRead
 *fill*         0x000000000000f9ac        0x4 
 .text._nvFenceEventWaitCommon
                0x000000000000f9b0       0x60 D:/Profiles/njp2424/Desktop/SwitchGraphics/GamepadButtons/SwitchCompiler/libnx/lib\libnx.a(fence.o)
 .text.nvFenceInit
                0x000000000000fa10       0x5c D:/Profiles/njp2424/Desktop/SwitchGraphics/GamepadButtons/SwitchCompiler/libnx/lib\libnx.a(fence.o)
                0x000000000000fa10                nvFenceInit
 *fill*         0x000000000000fa6c        0x4 
 .text.nvFenceExit
                0x000000000000fa70       0x98 D:/Profiles/njp2424/Desktop/SwitchGraphics/GamepadButtons/SwitchCompiler/libnx/lib\libnx.a(fence.o)
                0x000000000000fa70                nvFenceExit
 *fill*         0x000000000000fb08        0x8 
 .text.nvFenceWait
                0x000000000000fb10      0x1e4 D:/Profiles/njp2424/Desktop/SwitchGraphics/GamepadButtons/SwitchCompiler/libnx/lib\libnx.a(fence.o)
                0x000000000000fb10                nvFenceWait
 *fill*         0x000000000000fcf4        0xc 
 .text.nvMultiFenceWait
                0x000000000000fd00       0x7c D:/Profiles/njp2424/Desktop/SwitchGraphics/GamepadButtons/SwitchCompiler/libnx/lib\libnx.a(fence.o)
                0x000000000000fd00                nvMultiFenceWait
 *fill*         0x000000000000fd7c        0x4 
 .text.nvMapInit
                0x000000000000fd80       0x6c D:/Profiles/njp2424/Desktop/SwitchGraphics/GamepadButtons/SwitchCompiler/libnx/lib\libnx.a(map.o)
                0x000000000000fd80                nvMapInit
 *fill*         0x000000000000fdec        0x4 
 .text.nvMapExit
                0x000000000000fdf0       0x68 D:/Profiles/njp2424/Desktop/SwitchGraphics/GamepadButtons/SwitchCompiler/libnx/lib\libnx.a(map.o)
                0x000000000000fdf0                nvMapExit
 *fill*         0x000000000000fe58        0x8 
 .text.nvMapClose
                0x000000000000fe60       0x84 D:/Profiles/njp2424/Desktop/SwitchGraphics/GamepadButtons/SwitchCompiler/libnx/lib\libnx.a(map.o)
                0x000000000000fe60                nvMapClose
 *fill*         0x000000000000fee4        0xc 
 .text.nvMapCreate
                0x000000000000fef0      0x150 D:/Profiles/njp2424/Desktop/SwitchGraphics/GamepadButtons/SwitchCompiler/libnx/lib\libnx.a(map.o)
                0x000000000000fef0                nvMapCreate
 .text.nvioctlNvhostCtrl_EventSignal
                0x0000000000010040       0x24 D:/Profiles/njp2424/Desktop/SwitchGraphics/GamepadButtons/SwitchCompiler/libnx/lib\libnx.a(nvhost-ctrl.o)
                0x0000000000010040                nvioctlNvhostCtrl_EventSignal
 *fill*         0x0000000000010064        0xc 
 .text.nvioctlNvhostCtrl_EventWait
                0x0000000000010070       0x3c D:/Profiles/njp2424/Desktop/SwitchGraphics/GamepadButtons/SwitchCompiler/libnx/lib\libnx.a(nvhost-ctrl.o)
                0x0000000000010070                nvioctlNvhostCtrl_EventWait
 *fill*         0x00000000000100ac        0x4 
 .text.nvioctlNvhostCtrl_EventWaitAsync
                0x00000000000100b0       0x28 D:/Profiles/njp2424/Desktop/SwitchGraphics/GamepadButtons/SwitchCompiler/libnx/lib\libnx.a(nvhost-ctrl.o)
                0x00000000000100b0                nvioctlNvhostCtrl_EventWaitAsync
 *fill*         0x00000000000100d8        0x8 
 .text.nvioctlNvhostCtrl_EventRegister
                0x00000000000100e0       0x24 D:/Profiles/njp2424/Desktop/SwitchGraphics/GamepadButtons/SwitchCompiler/libnx/lib\libnx.a(nvhost-ctrl.o)
                0x00000000000100e0                nvioctlNvhostCtrl_EventRegister
 *fill*         0x0000000000010104        0xc 
 .text.nvioctlNvhostCtrl_EventUnregister
                0x0000000000010110       0x24 D:/Profiles/njp2424/Desktop/SwitchGraphics/GamepadButtons/SwitchCompiler/libnx/lib\libnx.a(nvhost-ctrl.o)
                0x0000000000010110                nvioctlNvhostCtrl_EventUnregister
 *fill*         0x0000000000010134        0xc 
 .text.nvioctlNvmap_Create
                0x0000000000010140       0x3c D:/Profiles/njp2424/Desktop/SwitchGraphics/GamepadButtons/SwitchCompiler/libnx/lib\libnx.a(nvmap.o)
                0x0000000000010140                nvioctlNvmap_Create
 *fill*         0x000000000001017c        0x4 
 .text.nvioctlNvmap_Alloc
                0x0000000000010180       0x30 D:/Profiles/njp2424/Desktop/SwitchGraphics/GamepadButtons/SwitchCompiler/libnx/lib\libnx.a(nvmap.o)
                0x0000000000010180                nvioctlNvmap_Alloc
 .text.nvioctlNvmap_Free
                0x00000000000101b0       0x30 D:/Profiles/njp2424/Desktop/SwitchGraphics/GamepadButtons/SwitchCompiler/libnx/lib\libnx.a(nvmap.o)
                0x00000000000101b0                nvioctlNvmap_Free
 .text.nvioctlNvmap_GetId
                0x00000000000101e0       0x3c D:/Profiles/njp2424/Desktop/SwitchGraphics/GamepadButtons/SwitchCompiler/libnx/lib\libnx.a(nvmap.o)
                0x00000000000101e0                nvioctlNvmap_GetId
 *fill*         0x000000000001021c        0x4 
 .text.bqRequestBuffer
                0x0000000000010220       0xe8 D:/Profiles/njp2424/Desktop/SwitchGraphics/GamepadButtons/SwitchCompiler/libnx/lib\libnx.a(buffer_producer.o)
                0x0000000000010220                bqRequestBuffer
 *fill*         0x0000000000010308        0x8 
 .text.bqDequeueBuffer
                0x0000000000010310      0x154 D:/Profiles/njp2424/Desktop/SwitchGraphics/GamepadButtons/SwitchCompiler/libnx/lib\libnx.a(buffer_producer.o)
                0x0000000000010310                bqDequeueBuffer
 *fill*         0x0000000000010464        0xc 
 .text.bqDetachBuffer
                0x0000000000010470       0x9c D:/Profiles/njp2424/Desktop/SwitchGraphics/GamepadButtons/SwitchCompiler/libnx/lib\libnx.a(buffer_producer.o)
                0x0000000000010470                bqDetachBuffer
 *fill*         0x000000000001050c        0x4 
 .text.bqQueueBuffer
                0x0000000000010510       0xe0 D:/Profiles/njp2424/Desktop/SwitchGraphics/GamepadButtons/SwitchCompiler/libnx/lib\libnx.a(buffer_producer.o)
                0x0000000000010510                bqQueueBuffer
 .text.bqCancelBuffer
                0x00000000000105f0       0x90 D:/Profiles/njp2424/Desktop/SwitchGraphics/GamepadButtons/SwitchCompiler/libnx/lib\libnx.a(buffer_producer.o)
                0x00000000000105f0                bqCancelBuffer
 .text.bqConnect
                0x0000000000010680       0xe4 D:/Profiles/njp2424/Desktop/SwitchGraphics/GamepadButtons/SwitchCompiler/libnx/lib\libnx.a(buffer_producer.o)
                0x0000000000010680                bqConnect
 *fill*         0x0000000000010764        0xc 
 .text.bqDisconnect
                0x0000000000010770       0x9c D:/Profiles/njp2424/Desktop/SwitchGraphics/GamepadButtons/SwitchCompiler/libnx/lib\libnx.a(buffer_producer.o)
                0x0000000000010770                bqDisconnect
 *fill*         0x000000000001080c        0x4 
 .text.bqSetPreallocatedBuffer
                0x0000000000010810      0x178 D:/Profiles/njp2424/Desktop/SwitchGraphics/GamepadButtons/SwitchCompiler/libnx/lib\libnx.a(buffer_producer.o)
                0x0000000000010810                bqSetPreallocatedBuffer
 *fill*         0x0000000000010988        0x8 
 .text._binderTransactParcel
                0x0000000000010990      0x138 D:/Profiles/njp2424/Desktop/SwitchGraphics/GamepadButtons/SwitchCompiler/libnx/lib\libnx.a(binder.o)
 *fill*         0x0000000000010ac8        0x8 
 .text.ipcQueryPointerBufferSize
                0x0000000000010ad0       0xc8 D:/Profiles/njp2424/Desktop/SwitchGraphics/GamepadButtons/SwitchCompiler/libnx/lib\libnx.a(binder.o)
 *fill*         0x0000000000010b98        0x8 
 .text._binderTransactParcelAuto
                0x0000000000010ba0      0x248 D:/Profiles/njp2424/Desktop/SwitchGraphics/GamepadButtons/SwitchCompiler/libnx/lib\libnx.a(binder.o)
 *fill*         0x0000000000010de8        0x8 
 .text.binderCreate
                0x0000000000010df0       0x14 D:/Profiles/njp2424/Desktop/SwitchGraphics/GamepadButtons/SwitchCompiler/libnx/lib\libnx.a(binder.o)
                0x0000000000010df0                binderCreate
 *fill*         0x0000000000010e04        0xc 
 .text.binderTransactParcel
                0x0000000000010e10       0x10 D:/Profiles/njp2424/Desktop/SwitchGraphics/GamepadButtons/SwitchCompiler/libnx/lib\libnx.a(binder.o)
                0x0000000000010e10                binderTransactParcel
 .text.binderConvertErrorCode
                0x0000000000010e20      0x124 D:/Profiles/njp2424/Desktop/SwitchGraphics/GamepadButtons/SwitchCompiler/libnx/lib\libnx.a(binder.o)
                0x0000000000010e20                binderConvertErrorCode
 *fill*         0x0000000000010f44        0xc 
 .text.binderAdjustRefcount
                0x0000000000010f50       0xe8 D:/Profiles/njp2424/Desktop/SwitchGraphics/GamepadButtons/SwitchCompiler/libnx/lib\libnx.a(binder.o)
                0x0000000000010f50                binderAdjustRefcount
 *fill*         0x0000000000011038        0x8 
 .text.binderClose
                0x0000000000011040       0x74 D:/Profiles/njp2424/Desktop/SwitchGraphics/GamepadButtons/SwitchCompiler/libnx/lib\libnx.a(binder.o)
                0x0000000000011040                binderClose
 *fill*         0x00000000000110b4        0xc 
 .text.binderInitSession
                0x00000000000110c0       0xc8 D:/Profiles/njp2424/Desktop/SwitchGraphics/GamepadButtons/SwitchCompiler/libnx/lib\libnx.a(binder.o)
                0x00000000000110c0                binderInitSession
 *fill*         0x0000000000011188        0x8 
 .text.binderGetNativeHandle
                0x0000000000011190      0x144 D:/Profiles/njp2424/Desktop/SwitchGraphics/GamepadButtons/SwitchCompiler/libnx/lib\libnx.a(binder.o)
                0x0000000000011190                binderGetNativeHandle
 *fill*         0x00000000000112d4        0xc 
 .text.parcelCreate
                0x00000000000112e0       0x28 D:/Profiles/njp2424/Desktop/SwitchGraphics/GamepadButtons/SwitchCompiler/libnx/lib\libnx.a(parcel.o)
                0x00000000000112e0                parcelCreate
 *fill*         0x0000000000011308        0x8 
 .text.parcelTransact
                0x0000000000011310      0x19c D:/Profiles/njp2424/Desktop/SwitchGraphics/GamepadButtons/SwitchCompiler/libnx/lib\libnx.a(parcel.o)
                0x0000000000011310                parcelTransact
 *fill*         0x00000000000114ac        0x4 
 .text.parcelWriteData
                0x00000000000114b0       0x88 D:/Profiles/njp2424/Desktop/SwitchGraphics/GamepadButtons/SwitchCompiler/libnx/lib\libnx.a(parcel.o)
                0x00000000000114b0                parcelWriteData
 *fill*         0x0000000000011538        0x8 
 .text.parcelReadData
                0x0000000000011540       0x98 D:/Profiles/njp2424/Desktop/SwitchGraphics/GamepadButtons/SwitchCompiler/libnx/lib\libnx.a(parcel.o)
                0x0000000000011540                parcelReadData
 *fill*         0x00000000000115d8        0x8 
 .text.parcelWriteInt32
                0x00000000000115e0       0x20 D:/Profiles/njp2424/Desktop/SwitchGraphics/GamepadButtons/SwitchCompiler/libnx/lib\libnx.a(parcel.o)
                0x00000000000115e0                parcelWriteInt32
 .text.parcelWriteUInt32
                0x0000000000011600       0x20 D:/Profiles/njp2424/Desktop/SwitchGraphics/GamepadButtons/SwitchCompiler/libnx/lib\libnx.a(parcel.o)
                0x0000000000011600                parcelWriteUInt32
 .text.parcelWriteString16
                0x0000000000011620       0x80 D:/Profiles/njp2424/Desktop/SwitchGraphics/GamepadButtons/SwitchCompiler/libnx/lib\libnx.a(parcel.o)
                0x0000000000011620                parcelWriteString16
 .text.parcelWriteInterfaceToken
                0x00000000000116a0       0x30 D:/Profiles/njp2424/Desktop/SwitchGraphics/GamepadButtons/SwitchCompiler/libnx/lib\libnx.a(parcel.o)
                0x00000000000116a0                parcelWriteInterfaceToken
 .text.parcelReadInt32
                0x00000000000116d0       0x24 D:/Profiles/njp2424/Desktop/SwitchGraphics/GamepadButtons/SwitchCompiler/libnx/lib\libnx.a(parcel.o)
                0x00000000000116d0                parcelReadInt32
 *fill*         0x00000000000116f4        0xc 
 .text.parcelReadFlattenedObject
                0x0000000000011700       0x68 D:/Profiles/njp2424/Desktop/SwitchGraphics/GamepadButtons/SwitchCompiler/libnx/lib\libnx.a(parcel.o)
                0x0000000000011700                parcelReadFlattenedObject
 *fill*         0x0000000000011768        0x8 
 .text.parcelWriteFlattenedObject
                0x0000000000011770       0x44 D:/Profiles/njp2424/Desktop/SwitchGraphics/GamepadButtons/SwitchCompiler/libnx/lib\libnx.a(parcel.o)
                0x0000000000011770                parcelWriteFlattenedObject
 *fill*         0x00000000000117b4        0xc 
 .text.nxlinkSetup
                0x00000000000117c0       0xc4 D:/Profiles/njp2424/Desktop/SwitchGraphics/GamepadButtons/SwitchCompiler/libnx/lib\libnx.a(nxlink.o)
                0x00000000000117c0                nxlinkSetup
 *fill*         0x0000000000011884        0x4 
 .text.aligned_alloc
                0x0000000000011888       0x38 d:/profiles/njp2424/desktop/switchgraphics/gamepadbuttons/switchcompiler/devkita64/bin/../lib/gcc/aarch64-none-elf/8.3.0/../../../../aarch64-none-elf/lib/pic\libg.a(lib_a-aligned_alloc.o)
                0x0000000000011888                aligned_alloc
 .text.bsearch  0x00000000000118c0       0xb8 d:/profiles/njp2424/desktop/switchgraphics/gamepadbuttons/switchcompiler/devkita64/bin/../lib/gcc/aarch64-none-elf/8.3.0/../../../../aarch64-none-elf/lib/pic\libg.a(lib_a-bsearch.o)
                0x00000000000118c0                bsearch
 .text.calloc   0x0000000000011978       0x30 d:/profiles/njp2424/desktop/switchgraphics/gamepadbuttons/switchcompiler/devkita64/bin/../lib/gcc/aarch64-none-elf/8.3.0/../../../../aarch64-none-elf/lib/pic\libg.a(lib_a-calloc.o)
                0x0000000000011978                calloc
 .text._calloc_r
                0x00000000000119a8       0x94 d:/profiles/njp2424/desktop/switchgraphics/gamepadbuttons/switchcompiler/devkita64/bin/../lib/gcc/aarch64-none-elf/8.3.0/../../../../aarch64-none-elf/lib/pic\libg.a(lib_a-callocr.o)
                0x00000000000119a8                _calloc_r
 *fill*         0x0000000000011a3c        0x4 
 .text.__errno  0x0000000000011a40       0x14 d:/profiles/njp2424/desktop/switchgraphics/gamepadbuttons/switchcompiler/devkita64/bin/../lib/gcc/aarch64-none-elf/8.3.0/../../../../aarch64-none-elf/lib/pic\libg.a(lib_a-errno.o)
                0x0000000000011a40                __errno
 *fill*         0x0000000000011a54        0x4 
 .text.__libc_fini_array
                0x0000000000011a58       0x44 d:/profiles/njp2424/desktop/switchgraphics/gamepadbuttons/switchcompiler/devkita64/bin/../lib/gcc/aarch64-none-elf/8.3.0/../../../../aarch64-none-elf/lib/pic\libg.a(lib_a-fini.o)
                0x0000000000011a58                __libc_fini_array
 *fill*         0x0000000000011a9c        0x4 
 .text.__libc_init_array
                0x0000000000011aa0       0x8c d:/profiles/njp2424/desktop/switchgraphics/gamepadbuttons/switchcompiler/devkita64/bin/../lib/gcc/aarch64-none-elf/8.3.0/../../../../aarch64-none-elf/lib/pic\libg.a(lib_a-init.o)
                0x0000000000011aa0                __libc_init_array
 *fill*         0x0000000000011b2c        0x4 
 .text.memalign
                0x0000000000011b30       0x30 d:/profiles/njp2424/desktop/switchgraphics/gamepadbuttons/switchcompiler/devkita64/bin/../lib/gcc/aarch64-none-elf/8.3.0/../../../../aarch64-none-elf/lib/pic\libg.a(lib_a-malign.o)
                0x0000000000011b30                memalign
 .text._memalign_r
                0x0000000000011b60      0x198 d:/profiles/njp2424/desktop/switchgraphics/gamepadbuttons/switchcompiler/devkita64/bin/../lib/gcc/aarch64-none-elf/8.3.0/../../../../aarch64-none-elf/lib/pic\libg.a(lib_a-malignr.o)
                0x0000000000011b60                _memalign_r
 .text.malloc   0x0000000000011cf8       0x1c d:/profiles/njp2424/desktop/switchgraphics/gamepadbuttons/switchcompiler/devkita64/bin/../lib/gcc/aarch64-none-elf/8.3.0/../../../../aarch64-none-elf/lib/pic\libg.a(lib_a-malloc.o)
                0x0000000000011cf8                malloc
 *fill*         0x0000000000011d14        0x4 
 .text.free     0x0000000000011d18       0x1c d:/profiles/njp2424/desktop/switchgraphics/gamepadbuttons/switchcompiler/devkita64/bin/../lib/gcc/aarch64-none-elf/8.3.0/../../../../aarch64-none-elf/lib/pic\libg.a(lib_a-malloc.o)
                0x0000000000011d18                free
 *fill*         0x0000000000011d34        0x4 
 .text._malloc_r
                0x0000000000011d38      0x87c d:/profiles/njp2424/desktop/switchgraphics/gamepadbuttons/switchcompiler/devkita64/bin/../lib/gcc/aarch64-none-elf/8.3.0/../../../../aarch64-none-elf/lib/pic\libg.a(lib_a-mallocr.o)
                0x0000000000011d38                _malloc_r
 .text          0x00000000000125b4       0xd8 d:/profiles/njp2424/desktop/switchgraphics/gamepadbuttons/switchcompiler/devkita64/bin/../lib/gcc/aarch64-none-elf/8.3.0/../../../../aarch64-none-elf/lib/pic\libg.a(lib_a-memchr.o)
                0x00000000000125b4                memchr
 *fill*         0x000000000001268c       0x34 
 .text          0x00000000000126c0      0x16c d:/profiles/njp2424/desktop/switchgraphics/gamepadbuttons/switchcompiler/devkita64/bin/../lib/gcc/aarch64-none-elf/8.3.0/../../../../aarch64-none-elf/lib/pic\libg.a(lib_a-memcpy.o)
                0x00000000000126c0                memcpy
 *fill*         0x000000000001282c       0x14 
 .text          0x0000000000012840      0x1dc d:/profiles/njp2424/desktop/switchgraphics/gamepadbuttons/switchcompiler/devkita64/bin/../lib/gcc/aarch64-none-elf/8.3.0/../../../../aarch64-none-elf/lib/pic\libg.a(lib_a-memset.o)
                0x0000000000012840                memset
 *fill*         0x0000000000012a1c        0x4 
 .text.__malloc_lock
                0x0000000000012a20        0xc d:/profiles/njp2424/desktop/switchgraphics/gamepadbuttons/switchcompiler/devkita64/bin/../lib/gcc/aarch64-none-elf/8.3.0/../../../../aarch64-none-elf/lib/pic\libg.a(lib_a-mlock.o)
                0x0000000000012a20                __malloc_lock
 *fill*         0x0000000000012a2c        0x4 
 .text.__malloc_unlock
                0x0000000000012a30        0xc d:/profiles/njp2424/desktop/switchgraphics/gamepadbuttons/switchcompiler/devkita64/bin/../lib/gcc/aarch64-none-elf/8.3.0/../../../../aarch64-none-elf/lib/pic\libg.a(lib_a-mlock.o)
                0x0000000000012a30                __malloc_unlock
 *fill*         0x0000000000012a3c        0x4 
 .text.printf   0x0000000000012a40       0x8c d:/profiles/njp2424/desktop/switchgraphics/gamepadbuttons/switchcompiler/devkita64/bin/../lib/gcc/aarch64-none-elf/8.3.0/../../../../aarch64-none-elf/lib/pic\libg.a(lib_a-printf.o)
                0x0000000000012a40                printf
 *fill*         0x0000000000012acc        0x4 
 .text.setenv   0x0000000000012ad0       0x3c d:/profiles/njp2424/desktop/switchgraphics/gamepadbuttons/switchcompiler/devkita64/bin/../lib/gcc/aarch64-none-elf/8.3.0/../../../../aarch64-none-elf/lib/pic\libg.a(lib_a-setenv.o)
                0x0000000000012ad0                setenv
 *fill*         0x0000000000012b0c        0x4 
 .text._setenv_r
                0x0000000000012b10      0x264 d:/profiles/njp2424/desktop/switchgraphics/gamepadbuttons/switchcompiler/devkita64/bin/../lib/gcc/aarch64-none-elf/8.3.0/../../../../aarch64-none-elf/lib/pic\libg.a(lib_a-setenv_r.o)
                0x0000000000012b10                _setenv_r
 *fill*         0x0000000000012d74        0x4 
 .text.setvbuf  0x0000000000012d78      0x25c d:/profiles/njp2424/desktop/switchgraphics/gamepadbuttons/switchcompiler/devkita64/bin/../lib/gcc/aarch64-none-elf/8.3.0/../../../../aarch64-none-elf/lib/pic\libg.a(lib_a-setvbuf.o)
                0x0000000000012d78                setvbuf
 *fill*         0x0000000000012fd4        0x4 
 .text.sscanf   0x0000000000012fd8       0xbc d:/profiles/njp2424/desktop/switchgraphics/gamepadbuttons/switchcompiler/devkita64/bin/../lib/gcc/aarch64-none-elf/8.3.0/../../../../aarch64-none-elf/lib/pic\libg.a(lib_a-sscanf.o)
                0x0000000000012fd8                sscanf
 *fill*         0x0000000000013094        0x4 
 .text.__sread  0x0000000000013098       0x50 d:/profiles/njp2424/desktop/switchgraphics/gamepadbuttons/switchcompiler/devkita64/bin/../lib/gcc/aarch64-none-elf/8.3.0/../../../../aarch64-none-elf/lib/pic\libg.a(lib_a-stdio.o)
                0x0000000000013098                __sread
 .text.__seofread
                0x00000000000130e8        0x8 d:/profiles/njp2424/desktop/switchgraphics/gamepadbuttons/switchcompiler/devkita64/bin/../lib/gcc/aarch64-none-elf/8.3.0/../../../../aarch64-none-elf/lib/pic\libg.a(lib_a-stdio.o)
                0x00000000000130e8                __seofread
 .text.__swrite
                0x00000000000130f0       0x6c d:/profiles/njp2424/desktop/switchgraphics/gamepadbuttons/switchcompiler/devkita64/bin/../lib/gcc/aarch64-none-elf/8.3.0/../../../../aarch64-none-elf/lib/pic\libg.a(lib_a-stdio.o)
                0x00000000000130f0                __swrite
 *fill*         0x000000000001315c        0x4 
 .text.__sseek  0x0000000000013160       0x50 d:/profiles/njp2424/desktop/switchgraphics/gamepadbuttons/switchcompiler/devkita64/bin/../lib/gcc/aarch64-none-elf/8.3.0/../../../../aarch64-none-elf/lib/pic\libg.a(lib_a-stdio.o)
                0x0000000000013160                __sseek
 .text.__sclose
                0x00000000000131b0        0x8 d:/profiles/njp2424/desktop/switchgraphics/gamepadbuttons/switchcompiler/devkita64/bin/../lib/gcc/aarch64-none-elf/8.3.0/../../../../aarch64-none-elf/lib/pic\libg.a(lib_a-stdio.o)
                0x00000000000131b0                __sclose
 .text          0x00000000000131b8       0xdc d:/profiles/njp2424/desktop/switchgraphics/gamepadbuttons/switchcompiler/devkita64/bin/../lib/gcc/aarch64-none-elf/8.3.0/../../../../aarch64-none-elf/lib/pic\libg.a(lib_a-strchr.o)
                0x00000000000131b8                strchr
 *fill*         0x0000000000013294       0x2c 
 .text          0x00000000000132c0      0x140 d:/profiles/njp2424/desktop/switchgraphics/gamepadbuttons/switchcompiler/devkita64/bin/../lib/gcc/aarch64-none-elf/8.3.0/../../../../aarch64-none-elf/lib/pic\libg.a(lib_a-strlen.o)